
 /----------------------------------------------------------------------------\
 |  yosys -- Yosys Open SYnthesis Suite                                       |
 |  Copyright (C) 2012 - 2025  Claire Xenia Wolf <claire@yosyshq.com>         |
 |  Distributed under an ISC-like license, type "license" to see terms        |
 \----------------------------------------------------------------------------/
 Yosys 0.56+186 (git sha1 51eaaffe0, clang++ 18.1.8 -fPIC -O3)

-- Executing script file `design_smt2.ys' --

1. Executing RTLIL frontend.
Input filename: design_prep.il

2. Executing HIERARCHY pass (managing design hierarchy).
Attribute `top' found on module `formal_top'. Setting top module to formal_top.

2.1. Analyzing design hierarchy..
Top module:  \formal_top
Used module:     $paramod$f08d79c7114b8c37632a2507c52bfd0e5cce1e4d\ariane
Used module:         $paramod$caab21b6a99e701011d7548cc7680ab5e1c4d3c4\issue_stage
Used module:             $paramod$13b2228d62069a441061df7e83a17f0547060356\scoreboard
Used module:             \re_name
Used module:             \issue_read_operands
Used module:                 $paramod$613fc11925f178443709e2b716e978787d96abd4\ariane_regfile
Used module:         \id_stage
Used module:             \instr_realigner
Used module:             \decoder
Used module:             \compressed_decoder
Used module:         \perf_counters
Used module:         \frontend
Used module:             $paramod\ras\DEPTH=s32'00000000000000000000000000000010
Used module:             $paramod$791314ac53c16e44147e59c81d28e65bd22d89b0\fifo_v2_925B0_BA4DE
Used module:                 $paramod$42c4fdaff04d3f780f063b546e1341c10bac0f72\fifo_v3_C28B9_7997C
Used module:             $paramod\btb\NR_ENTRIES=s32'00000000000000000000000001000000
Used module:             $paramod\bht\NR_ENTRIES=s32'00000000000000000000000010000000
Used module:             \instr_scan
Used module:         $paramod$9e575ed78617da6fec8841cb85f2eaf4562c2f2d\std_cache_subsystem
Used module:             $paramod$0ee8e225e3f652345efbf90b3d2d133cb3cf9bd8\stream_mux_E5853_401C6
Used module:             $paramod\stream_demux\N_OUP=s32'00000000000000000000000000000011
Used module:             $paramod$cd11366fa6a550b17f477f710d44646261dcfb3a\stream_arbiter_EF48E_89DDB
Used module:                 $paramod$2dbef291f4f7a4bf4f8bb24ecdc50abe3d1cb4ad\rrarbiter
Used module:                     $paramod\lzc\WIDTH=32'00000000000000000000000000000011
Used module:             $paramod$cd11366fa6a550b17f477f710d44646261dcfb3a\stream_arbiter_3F5EB_FC9E1
Used module:             $paramod$9e575ed78617da6fec8841cb85f2eaf4562c2f2d\std_nbdcache
Used module:                 $paramod$72ae4ab7e88a54b56c2ab35ef6af8a4e99494ff7\sram
Used module:                     $paramod$37bde13909691f19bb4f6e6611d46ddaa6bf1ab9\SyncSpRamBeNx64
Used module:                 $paramod$aa55f9af6ce1f84b3887d6ad5b52129f1b7ec34c\sram
Used module:                 $paramod$504e88aa67f1fdef38046a998000f6cfbfe75a90\sram
Used module:                 $paramod$9e575ed78617da6fec8841cb85f2eaf4562c2f2d\cache_ctrl
Used module:                 $paramod$ca754853e4d620f2a2f707a66b5a9ac122dc0149\tag_cmp
Used module:                 $paramod\miss_handler\NR_PORTS=s32'00000000000000000000000000000011
Used module:                     $paramod$0087faf7dbb20daeffd5024bd6977f40d8cb9d52\axi_adapter
Used module:                     $paramod\lfsr_8bit\WIDTH=32'00000000000000000000000000001000
Used module:                     $paramod$a5117095ff1ee419c757355eb84db4b62105adb5\axi_adapter
Used module:                     $paramod$4b72f0480bde2cd5187e2e599a8eb9d3558f295f\arbiter
Used module:                     \amo_alu
Used module:             \std_icache
Used module:                 $paramod$c9c40f3f133cad0f616b05e13f3266ff7eda8dc2\sram
Used module:                     $paramod$0668ee795243bc5dbebaf619f834399661eabe17\SyncSpRamBeNx64
Used module:                 $paramod$55faef8494cf4fd43605273b93860932dfc9b5b3\sram
Used module:                 $paramod\lzc\WIDTH=32'00000000000000000000000000000100
Used module:                 $paramod\lfsr_8bit\WIDTH=32'00000000000000000000000000000100
Used module:             $paramod$a657a94d576ec09733cac8489b6219f3f2ad4e8a\fifo_v3
Used module:         \ex_stage
Used module:             \load_store_unit
Used module:                 \lsu_bypass
Used module:                 \store_unit
Used module:                     \store_buffer
Used module:                     \amo_buffer
Used module:                         $paramod$e16d115b74caf79752ccaf4f7620bf2218c9fec7\fifo_v2_EC778
Used module:                             $paramod$4244dd65be73f5d0f86e712b491114f006fd139c\fifo_v3_24DF1
Used module:                 $paramod\pipe_reg_simple_218FF\Depth=s32'00000000000000000000000000000000
Used module:                 $paramod\pipe_reg_simple_218FF\Depth=s32'00000000000000000000000000000001
Used module:                 $paramod$9c0c63ed43046d6572f7ebf6cfdc732464890d7b\mmu
Used module:                     $paramod\ptw\ASID_WIDTH=32'00000000000000000000000000000001
Used module:                     $paramod$90f4e11c8dd492b4df8aa8601b1d83e376ca7f0f\tlb
Used module:                 \load_unit
Used module:             \mult
Used module:                 \multiplier
Used module:                 $paramod\serdiv\WIDTH=s32'00000000000000000000000001000000
Used module:                     $paramod$197edbfa67592557bbfcb097767a2865a48e3d18\lzc
Used module:             \csr_buffer
Used module:             \branch_unit
Used module:             \alu
Used module:         $paramod\csr_regfile\ASID_WIDTH=s32'00000000000000000000000000000001
Used module:         \controller
Used module:         \commit_stage

2.2. Analyzing design hierarchy..
Top module:  \formal_top
Used module:     $paramod$f08d79c7114b8c37632a2507c52bfd0e5cce1e4d\ariane
Used module:         $paramod$caab21b6a99e701011d7548cc7680ab5e1c4d3c4\issue_stage
Used module:             $paramod$13b2228d62069a441061df7e83a17f0547060356\scoreboard
Used module:             \re_name
Used module:             \issue_read_operands
Used module:                 $paramod$613fc11925f178443709e2b716e978787d96abd4\ariane_regfile
Used module:         \id_stage
Used module:             \instr_realigner
Used module:             \decoder
Used module:             \compressed_decoder
Used module:         \perf_counters
Used module:         \frontend
Used module:             $paramod\ras\DEPTH=s32'00000000000000000000000000000010
Used module:             $paramod$791314ac53c16e44147e59c81d28e65bd22d89b0\fifo_v2_925B0_BA4DE
Used module:                 $paramod$42c4fdaff04d3f780f063b546e1341c10bac0f72\fifo_v3_C28B9_7997C
Used module:             $paramod\btb\NR_ENTRIES=s32'00000000000000000000000001000000
Used module:             $paramod\bht\NR_ENTRIES=s32'00000000000000000000000010000000
Used module:             \instr_scan
Used module:         $paramod$9e575ed78617da6fec8841cb85f2eaf4562c2f2d\std_cache_subsystem
Used module:             $paramod$0ee8e225e3f652345efbf90b3d2d133cb3cf9bd8\stream_mux_E5853_401C6
Used module:             $paramod\stream_demux\N_OUP=s32'00000000000000000000000000000011
Used module:             $paramod$cd11366fa6a550b17f477f710d44646261dcfb3a\stream_arbiter_EF48E_89DDB
Used module:                 $paramod$2dbef291f4f7a4bf4f8bb24ecdc50abe3d1cb4ad\rrarbiter
Used module:                     $paramod\lzc\WIDTH=32'00000000000000000000000000000011
Used module:             $paramod$cd11366fa6a550b17f477f710d44646261dcfb3a\stream_arbiter_3F5EB_FC9E1
Used module:             $paramod$9e575ed78617da6fec8841cb85f2eaf4562c2f2d\std_nbdcache
Used module:                 $paramod$72ae4ab7e88a54b56c2ab35ef6af8a4e99494ff7\sram
Used module:                     $paramod$37bde13909691f19bb4f6e6611d46ddaa6bf1ab9\SyncSpRamBeNx64
Used module:                 $paramod$aa55f9af6ce1f84b3887d6ad5b52129f1b7ec34c\sram
Used module:                 $paramod$504e88aa67f1fdef38046a998000f6cfbfe75a90\sram
Used module:                 $paramod$9e575ed78617da6fec8841cb85f2eaf4562c2f2d\cache_ctrl
Used module:                 $paramod$ca754853e4d620f2a2f707a66b5a9ac122dc0149\tag_cmp
Used module:                 $paramod\miss_handler\NR_PORTS=s32'00000000000000000000000000000011
Used module:                     $paramod$0087faf7dbb20daeffd5024bd6977f40d8cb9d52\axi_adapter
Used module:                     $paramod\lfsr_8bit\WIDTH=32'00000000000000000000000000001000
Used module:                     $paramod$a5117095ff1ee419c757355eb84db4b62105adb5\axi_adapter
Used module:                     $paramod$4b72f0480bde2cd5187e2e599a8eb9d3558f295f\arbiter
Used module:                     \amo_alu
Used module:             \std_icache
Used module:                 $paramod$c9c40f3f133cad0f616b05e13f3266ff7eda8dc2\sram
Used module:                     $paramod$0668ee795243bc5dbebaf619f834399661eabe17\SyncSpRamBeNx64
Used module:                 $paramod$55faef8494cf4fd43605273b93860932dfc9b5b3\sram
Used module:                 $paramod\lzc\WIDTH=32'00000000000000000000000000000100
Used module:                 $paramod\lfsr_8bit\WIDTH=32'00000000000000000000000000000100
Used module:             $paramod$a657a94d576ec09733cac8489b6219f3f2ad4e8a\fifo_v3
Used module:         \ex_stage
Used module:             \load_store_unit
Used module:                 \lsu_bypass
Used module:                 \store_unit
Used module:                     \store_buffer
Used module:                     \amo_buffer
Used module:                         $paramod$e16d115b74caf79752ccaf4f7620bf2218c9fec7\fifo_v2_EC778
Used module:                             $paramod$4244dd65be73f5d0f86e712b491114f006fd139c\fifo_v3_24DF1
Used module:                 $paramod\pipe_reg_simple_218FF\Depth=s32'00000000000000000000000000000000
Used module:                 $paramod\pipe_reg_simple_218FF\Depth=s32'00000000000000000000000000000001
Used module:                 $paramod$9c0c63ed43046d6572f7ebf6cfdc732464890d7b\mmu
Used module:                     $paramod\ptw\ASID_WIDTH=32'00000000000000000000000000000001
Used module:                     $paramod$90f4e11c8dd492b4df8aa8601b1d83e376ca7f0f\tlb
Used module:                 \load_unit
Used module:             \mult
Used module:                 \multiplier
Used module:                 $paramod\serdiv\WIDTH=s32'00000000000000000000000001000000
Used module:                     $paramod$197edbfa67592557bbfcb097767a2865a48e3d18\lzc
Used module:             \csr_buffer
Used module:             \branch_unit
Used module:             \alu
Used module:         $paramod\csr_regfile\ASID_WIDTH=s32'00000000000000000000000000000001
Used module:         \controller
Used module:         \commit_stage
Removed 0 unused modules.
Module formal_top directly or indirectly contains formal properties -> setting "keep" attribute.
Module controller directly or indirectly contains formal properties -> setting "keep" attribute.
Module commit_stage directly or indirectly contains formal properties -> setting "keep" attribute.
Module $paramod\csr_regfile\ASID_WIDTH=s32'00000000000000000000000000000001 directly or indirectly contains formal properties -> setting "keep" attribute.
Module $paramod$f08d79c7114b8c37632a2507c52bfd0e5cce1e4d\ariane directly or indirectly contains formal properties -> setting "keep" attribute.

3. Executing FORMALFF pass.

4. Executing DFFUNMAP pass (unmap clock enable and synchronous reset from FFs).

5. Printing statistics.

=== store_unit ===

        +----------Local Count, excluding submodules.
        | 
      134 wires
     1657 wire bits
       59 public wires
     1359 public wire bits
       25 ports
     1029 port bits
      119 cells
        3   $and
        6   $anyinit
        7   $anyseq
        1   $assume
       32   $eq
        1   $ge
        1   $le
        4   $logic_and
        5   $logic_not
        1   $mem_v2
       34   $mux
        1   $not
        7   $pmux
        2   $reduce_bool
       14   $reduce_or
        2 submodules
        1   amo_buffer
        1   store_buffer

=== store_buffer ===

        +----------Local Count, excluding submodules.
        | 
      255 wires
    39200 wire bits
       54 public wires
     5564 public wire bits
       17 ports
      360 port bits
      241 cells
       24   $add
        8   $and
        8   $anyinit
        2   $anyseq
        1   $assume
       13   $eq
       13   $logic_and
        3   $logic_not
        1   $logic_or
       13   $lt
        4   $mul
       91   $mux
        2   $ne
        8   $neg
        9   $not
        8   $or
       15   $shift
        7   $shiftx
       11   $sub

=== std_icache ===

        +----------Local Count, excluding submodules.
        | 
      198 wires
     4062 wire bits
       89 public wires
     2903 public wire bits
       12 ports
      920 port bits
      158 cells
        2   $add
        1   $and
        7   $anyinit
        1   $assume
       16   $eq
        8   $logic_and
        3   $logic_not
        3   $logic_or
       80   $mux
        1   $ne
        3   $neg
        3   $not
        4   $or
       10   $pmux
        9   $reduce_or
        3   $shift
        4   $shiftx
       10 submodules
        4   $paramod$55faef8494cf4fd43605273b93860932dfc9b5b3\sram
        4   $paramod$c9c40f3f133cad0f616b05e13f3266ff7eda8dc2\sram
        1   $paramod\lfsr_8bit\WIDTH=32'00000000000000000000000000000100
        1   $paramod\lzc\WIDTH=32'00000000000000000000000000000100

=== re_name ===

        +----------Local Count, excluding submodules.
        | 
       11 wires
      733 wire bits
       11 public wires
      733 public wire bits
       10 ports
      732 port bits

=== perf_counters ===

        +----------Local Count, excluding submodules.
        | 
       72 wires
    12258 wire bits
       22 public wires
     3829 public wire bits
       18 ports
     1140 port bits
       68 cells
       14   $add
        1   $and
        1   $anyinit
        1   $assume
        6   $eq
        4   $logic_and
        1   $logic_not
       33   $mux
        1   $neg
        2   $not
        1   $or
        2   $shift
        1   $shiftx

=== multiplier ===

        +----------Local Count, excluding submodules.
        | 
       42 wires
      781 wire bits
       25 public wires
      627 public wire bits
       11 ports
      210 port bits
       33 cells
        2   $and
        4   $anyinit
        1   $assume
        9   $eq
        1   $logic_and
        1   $mul
       11   $mux
        1   $not
        1   $pmux
        2   $reduce_or

=== mult ===

        +----------Local Count, excluding submodules.
        | 
       53 wires
      894 wire bits
       27 public wires
      616 public wire bits
        9 ports
      279 port bits
       41 cells
        1   $anyinit
        1   $assume
       13   $eq
        4   $logic_and
       14   $mux
        2   $not
        1   $or
        5   $reduce_or
        2 submodules
        1   $paramod\serdiv\WIDTH=s32'00000000000000000000000001000000
        1   multiplier

=== lsu_bypass ===

        +----------Local Count, excluding submodules.
        | 
       66 wires
     6834 wire bits
       26 public wires
     1233 public wire bits
        9 ports
      309 port bits
       55 cells
        5   $add
        3   $and
        4   $anyinit
        1   $assume
        1   $logic_and
        1   $logic_not
        2   $mul
       23   $mux
        2   $neg
        3   $not
        3   $or
        4   $shift
        1   $shiftx
        2   $sub

=== load_unit ===

        +----------Local Count, excluding submodules.
        | 
      110 wires
     1240 wire bits
       43 public wires
     1096 public wire bits
       19 ports
      825 port bits
      100 cells
        2   $add
        1   $and
        5   $anyinit
        1   $assume
       21   $eq
        4   $logic_and
        3   $logic_not
        1   $mem_v2
       40   $mux
        1   $ne
        1   $not
        1   $or
        6   $pmux
       11   $reduce_or
        1   $shiftx
        1   $shr

=== load_store_unit ===

        +----------Local Count, excluding submodules.
        | 
      119 wires
     3635 wire bits
       72 public wires
     3066 public wire bits
       35 ports
     1724 port bits
       92 cells
        1   $add
        4   $anyseq
       47   $eq
        1   $logic_and
        4   $logic_not
        1   $logic_or
        2   $mem_v2
       15   $mux
        1   $not
        7   $pmux
        1   $reduce_and
        2   $reduce_bool
        6   $reduce_or
        6 submodules
        1   $paramod$9c0c63ed43046d6572f7ebf6cfdc732464890d7b\mmu
        1   $paramod\pipe_reg_simple_218FF\Depth=s32'00000000000000000000000000000000
        1   $paramod\pipe_reg_simple_218FF\Depth=s32'00000000000000000000000000000001
        1   load_unit
        1   lsu_bypass
        1   store_unit

=== issue_read_operands ===

        +----------Local Count, excluding submodules.
        | 
      203 wires
     3409 wire bits
      101 public wires
     2769 public wire bits
       36 ports
     1533 port bits
      157 cells
       17   $anyinit
        4   $anyseq
        1   $assume
       10   $eq
       13   $logic_and
        3   $logic_not
       84   $mux
        5   $ne
        8   $not
        3   $pmux
        2   $reduce_bool
        3   $reduce_or
        4   $shiftx
        1 submodules
        1   $paramod$613fc11925f178443709e2b716e978787d96abd4\ariane_regfile

=== instr_scan ===

        +----------Local Count, excluding submodules.
        | 
       49 wires
      206 wire bits
       15 public wires
      172 public wire bits
       15 ports
      172 port bits
       47 cells
       21   $and
        9   $eq
        1   $logic_not
        5   $mux
        1   $ne
        8   $not
        2   $or

=== instr_realigner ===

        +----------Local Count, excluding submodules.
        | 
       87 wires
     1772 wire bits
       24 public wires
      716 public wire bits
        9 ports
      467 port bits
       87 cells
        2   $and
        4   $anyinit
        1   $assume
        3   $logic_and
        4   $logic_not
       70   $mux
        2   $ne
        1   $not

=== id_stage ===

        +----------Local Count, excluding submodules.
        | 
       36 wires
     3066 wire bits
       29 public wires
     2333 public wire bits
       17 ports
      548 port bits
       12 cells
        1   $anyinit
        1   $assume
        1   $logic_and
        1   $logic_not
        1   $logic_or
        6   $mux
        1   $not
        3 submodules
        1   compressed_decoder
        1   decoder
        1   instr_realigner

=== frontend ===

        +----------Local Count, excluding submodules.
        | 
      237 wires
     5158 wire bits
       96 public wires
     2582 public wire bits
       19 ports
      862 port bits
      201 cells
       10   $add
       15   $and
       11   $anyinit
        7   $anyseq
        1   $assume
        1   $eq
        6   $logic_and
        1   $logic_not
       10   $logic_or
      124   $mux
        5   $not
        5   $or
        2   $reduce_and
        2   $reduce_or
        1   $sub
        6 submodules
        1   $paramod$791314ac53c16e44147e59c81d28e65bd22d89b0\fifo_v2_925B0_BA4DE
        1   $paramod\bht\NR_ENTRIES=s32'00000000000000000000000010000000
        1   $paramod\btb\NR_ENTRIES=s32'00000000000000000000000001000000
        1   $paramod\ras\DEPTH=s32'00000000000000000000000000000010
        2   instr_scan

=== formal_top ===

        +----------Local Count, excluding submodules.
        | 
       28 wires
      989 wire bits
       27 public wires
      712 public wire bits
       74 cells
       74   $anyseq
        1 submodules
        1   $paramod$f08d79c7114b8c37632a2507c52bfd0e5cce1e4d\ariane

=== ex_stage ===

        +----------Local Count, excluding submodules.
        | 
       85 wires
     3444 wire bits
       74 public wires
     3303 public wire bits
       61 ports
     2421 port bits
       19 cells
        1   $and
        1   $assume
        4   $logic_or
        9   $mux
        1   $not
        3   $or
        5 submodules
        1   alu
        1   branch_unit
        1   csr_buffer
        1   load_store_unit
        1   mult

=== decoder ===

        +----------Local Count, excluding submodules.
        | 
      228 wires
     1830 wire bits
       30 public wires
     1116 public wire bits
       16 ports
      685 port bits
      221 cells
        2   $anyseq
       66   $eq
        3   $logic_and
        8   $logic_not
        3   $logic_or
       76   $mux
       28   $pmux
        8   $reduce_bool
       27   $reduce_or

=== csr_buffer ===

        +----------Local Count, excluding submodules.
        | 
       22 wires
      361 wire bits
       13 public wires
      328 public wire bits
        9 ports
      288 port bits
       15 cells
        1   $anyinit
        1   $assume
        2   $logic_and
        1   $logic_or
        7   $mux
        3   $not

=== controller ===

        +----------Local Count, excluding submodules.
        | 
       52 wires
      185 wire bits
       29 public wires
      162 public wire bits
       22 ports
      155 port bits
       38 cells
        2   $anyinit
        1   $assert
        1   $assume
        2   $ff
        1   $logic_and
        1   $logic_not
        5   $logic_or
       24   $mux
        1   $not

=== compressed_decoder ===

        +----------Local Count, excluding submodules.
        | 
       80 wires
      612 wire bits
       13 public wires
      199 public wire bits
        4 ports
       66 port bits
       80 cells
        8   $anyseq
       20   $eq
        1   $logic_and
        8   $logic_not
       19   $mux
        1   $not
       12   $pmux
        2   $reduce_bool
        9   $reduce_or

=== commit_stage ===

        +----------Local Count, excluding submodules.
        | 
      156 wires
     2577 wire bits
       40 public wires
     1417 public wire bits
       31 ports
     1408 port bits
      148 cells
        5   $anyseq
        2   $assert
        1   $assume
       13   $eq
        3   $ff
        1   $ge
        1   $le
       15   $logic_and
       11   $logic_not
        4   $logic_or
       83   $mux
        3   $ne
        1   $not
        1   $or
        4   $reduce_or

=== branch_unit ===

        +----------Local Count, excluding submodules.
        | 
       35 wires
     1199 wire bits
       15 public wires
      863 public wire bits
       11 ports
      670 port bits
       30 cells
        3   $add
        1   $eq
        4   $logic_and
        1   $logic_or
       18   $mux
        2   $ne
        1   $not

=== amo_buffer ===

        +----------Local Count, excluding submodules.
        | 
       19 wires
      613 wire bits
       17 public wires
      611 public wire bits
       13 ports
      341 port bits
        4 cells
        3   $and
        1   $logic_not
        1 submodules
        1   $paramod$e16d115b74caf79752ccaf4f7620bf2218c9fec7\fifo_v2_EC778

=== amo_alu ===

        +----------Local Count, excluding submodules.
        | 
       30 wires
      857 wire bits
        8 public wires
      392 public wire bits
        4 ports
      196 port bits
       26 cells
        1   $add
        1   $and
       10   $eq
        3   $mux
        2   $neg
        1   $or
        2   $pmux
        5   $reduce_or
        1   $xor

=== alu ===

        +----------Local Count, excluding submodules.
        | 
       66 wires
     1481 wire bits
       30 public wires
     1247 public wire bits
        5 ports
      273 port bits
       56 cells
        1   $add
        5   $and
       20   $eq
        2   $logic_not
        2   $logic_or
        1   $lt
        6   $mux
        1   $not
        3   $or
        2   $pmux
        9   $reduce_or
        2   $sshr
        2   $xor

=== $paramod\stream_demux\N_OUP=s32'00000000000000000000000000000011 ===

        +----------Local Count, excluding submodules.
        | 
        7 wires
       14 wire bits
        6 public wires
       11 public wire bits
        5 ports
       10 port bits
        3 cells
        1   $neg
        1   $shift
        1   $shiftx

=== $paramod\serdiv\WIDTH=s32'00000000000000000000000001000000 ===

        +----------Local Count, excluding submodules.
        | 
      127 wires
     2117 wire bits
       71 public wires
     1386 public wire bits
       13 ports
      207 port bits
      111 cells
        1   $add
        7   $and
       11   $anyinit
        1   $assume
        3   $eq
        1   $gt
        3   $logic_not
        1   $lt
       63   $mux
        1   $neg
        5   $not
        3   $or
        4   $pmux
        1   $reduce_or
        1   $sshl
        3   $sub
        2   $xor
        2 submodules
        2   $paramod$197edbfa67592557bbfcb097767a2865a48e3d18\lzc

=== $paramod\ras\DEPTH=s32'00000000000000000000000000000010 ===

        +----------Local Count, excluding submodules.
        | 
       13 wires
      785 wire bits
       10 public wires
      524 public wire bits
        6 ports
      133 port bits
       11 cells
        1   $anyinit
        1   $assume
        8   $mux
        1   $not

=== $paramod\ptw\ASID_WIDTH=32'00000000000000000000000000000001 ===

        +----------Local Count, excluding submodules.
        | 
      172 wires
     2344 wire bits
       70 public wires
     1510 public wire bits
       25 ports
      618 port bits
      141 cells
        5   $and
       10   $anyinit
        1   $assume
        6   $eq
        8   $logic_and
        9   $logic_not
        6   $logic_or
       84   $mux
        4   $not
        1   $or
        4   $pmux
        3   $reduce_bool

=== $paramod\pipe_reg_simple_218FF\Depth=s32'00000000000000000000000000000001 ===

        +----------Local Count, excluding submodules.
        | 
        7 wires
      791 wire bits
        5 public wires
      593 public wire bits
        4 ports
      396 port bits
        5 cells
        1   $anyinit
        1   $assume
        2   $mux
        1   $not

=== $paramod\pipe_reg_simple_218FF\Depth=s32'00000000000000000000000000000000 ===

        +----------Local Count, excluding submodules.
        | 
        5 wires
      593 wire bits
        5 public wires
      593 public wire bits
        4 ports
      396 port bits

=== $paramod\miss_handler\NR_PORTS=s32'00000000000000000000000000000011 ===

        +----------Local Count, excluding submodules.
        | 
      575 wires
    26443 wire bits
      156 public wires
     9896 public wire bits
       29 ports
     3409 port bits
      569 cells
       20   $add
       17   $and
       10   $anyinit
       60   $anyseq
        1   $assume
       33   $eq
       13   $logic_and
       11   $logic_not
        2   $logic_or
       16   $lt
        1   $mem_v2
        2   $mul
      300   $mux
        1   $ne
        9   $neg
       11   $not
        8   $or
       20   $pmux
        1   $reduce_and
       10   $reduce_or
       17   $shift
        4   $shiftx
        2   $sub
        5 submodules
        1   $paramod$0087faf7dbb20daeffd5024bd6977f40d8cb9d52\axi_adapter
        1   $paramod$4b72f0480bde2cd5187e2e599a8eb9d3558f295f\arbiter
        1   $paramod$a5117095ff1ee419c757355eb84db4b62105adb5\axi_adapter
        1   $paramod\lfsr_8bit\WIDTH=32'00000000000000000000000000001000
        1   amo_alu

=== $paramod\lzc\WIDTH=32'00000000000000000000000000000100 ===

        +----------Local Count, excluding submodules.
        | 
        7 wires
       27 wire bits
        7 public wires
       27 public wire bits
        3 ports
        7 port bits
        7 cells
        3   $mux
        1   $not
        3   $or

=== $paramod\lzc\WIDTH=32'00000000000000000000000000000011 ===

        +----------Local Count, excluding submodules.
        | 
        7 wires
       21 wire bits
        7 public wires
       21 public wire bits
        3 ports
        6 port bits
        5 cells
        2   $mux
        1   $not
        2   $or

=== $paramod\lfsr_8bit\WIDTH=32'00000000000000000000000000001000 ===

        +----------Local Count, excluding submodules.
        | 
       16 wires
       56 wire bits
       10 public wires
       40 public wire bits
        5 ports
       14 port bits
       12 cells
        1   $anyinit
        1   $assume
        1   $logic_not
        3   $mux
        1   $neg
        1   $not
        1   $shift
        3   $xor

=== $paramod\lfsr_8bit\WIDTH=32'00000000000000000000000000000100 ===

        +----------Local Count, excluding submodules.
        | 
       16 wires
       50 wire bits
       10 public wires
       35 public wire bits
        5 ports
        9 port bits
       12 cells
        1   $anyinit
        1   $assume
        1   $logic_not
        3   $mux
        1   $neg
        1   $not
        1   $shift
        3   $xor

=== $paramod\csr_regfile\ASID_WIDTH=s32'00000000000000000000000000000001 ===

        +----------Local Count, excluding submodules.
        | 
      494 wires
    14510 wire bits
      162 public wires
     6723 public wire bits
       49 ports
     1683 port bits
      492 cells
        5   $add
       13   $and
       31   $anyinit
        2   $anyseq
        5   $assert
        1   $assume
       73   $eq
        6   $ff
       29   $logic_and
       10   $logic_not
       14   $logic_or
      242   $mux
        7   $ne
        7   $not
       15   $or
       17   $pmux
        2   $reduce_and
       10   $reduce_or
        3   $shiftx

=== $paramod\btb\NR_ENTRIES=s32'00000000000000000000000001000000 ===

        +----------Local Count, excluding submodules.
        | 
       39 wires
    75346 wire bits
       13 public wires
    12756 public wire bits
        7 ports
      263 port bits
      158 cells
        3   $add
        3   $and
        1   $anyinit
        1   $assume
        1   $logic_and
        1   $logic_not
        2   $mul
      132   $mux
        2   $neg
        3   $not
        3   $or
        4   $shift
        1   $shiftx
        1   $sub

=== $paramod\bht\NR_ENTRIES=s32'00000000000000000000000010000000 ===

        +----------Local Count, excluding submodules.
        | 
       52 wires
     8538 wire bits
       14 public wires
     1307 public wire bits
        7 ports
      138 port bits
      301 cells
        7   $add
        2   $and
        1   $anyinit
        1   $assume
        3   $eq
        1   $logic_and
        2   $logic_not
        2   $mul
      264   $mux
        2   $neg
        3   $not
        3   $or
        4   $shift
        3   $shiftx
        3   $sub

=== $paramod$f08d79c7114b8c37632a2507c52bfd0e5cce1e4d\ariane ===

        +----------Local Count, excluding submodules.
        | 
      149 wires
     5398 wire bits
      135 public wires
     5383 public wire bits
       12 ports
      498 port bits
       22 cells
        2   $and
        1   $anyinit
        2   $assert
        1   $assume
        3   $ff
        2   $logic_and
        2   $logic_not
        2   $logic_or
        3   $mux
        1   $ne
        3   $not
        9 submodules
        1   $paramod$9e575ed78617da6fec8841cb85f2eaf4562c2f2d\std_cache_subsystem
        1   $paramod$caab21b6a99e701011d7548cc7680ab5e1c4d3c4\issue_stage
        1   $paramod\csr_regfile\ASID_WIDTH=s32'00000000000000000000000000000001
        1   commit_stage
        1   controller
        1   ex_stage
        1   frontend
        1   id_stage
        1   perf_counters

=== $paramod$e16d115b74caf79752ccaf4f7620bf2218c9fec7\fifo_v2_EC778 ===

        +----------Local Count, excluding submodules.
        | 
       13 wires
      279 wire bits
       13 public wires
      279 public wire bits
       12 ports
      278 port bits
        2 cells
        1   $ge
        1   $le
        1 submodules
        1   $paramod$4244dd65be73f5d0f86e712b491114f006fd139c\fifo_v3_24DF1

=== $paramod$cd11366fa6a550b17f477f710d44646261dcfb3a\stream_arbiter_EF48E_89DDB ===

        +----------Local Count, excluding submodules.
        | 
       10 wires
      434 wire bits
        9 public wires
      424 public wire bits
        8 ports
      422 port bits
        3 cells
        1   $mul
        1   $reduce_or
        1   $shiftx
        1 submodules
        1   $paramod$2dbef291f4f7a4bf4f8bb24ecdc50abe3d1cb4ad\rrarbiter

=== $paramod$cd11366fa6a550b17f477f710d44646261dcfb3a\stream_arbiter_3F5EB_FC9E1 ===

        +----------Local Count, excluding submodules.
        | 
       10 wires
      410 wire bits
        9 public wires
      400 public wire bits
        8 ports
      398 port bits
        3 cells
        1   $mul
        1   $reduce_or
        1   $shiftx
        1 submodules
        1   $paramod$2dbef291f4f7a4bf4f8bb24ecdc50abe3d1cb4ad\rrarbiter

=== $paramod$caab21b6a99e701011d7548cc7680ab5e1c4d3c4\issue_stage ===

        +----------Local Count, excluding submodules.
        | 
       53 wires
     3913 wire bits
       53 public wires
     3913 public wire bits
       36 ports
     2514 port bits
        3 submodules
        1   $paramod$13b2228d62069a441061df7e83a17f0547060356\scoreboard
        1   issue_read_operands
        1   re_name

=== $paramod$ca754853e4d620f2a2f707a66b5a9ac122dc0149\tag_cmp ===

        +----------Local Count, excluding submodules.
        | 
       59 wires
     4805 wire bits
       23 public wires
     4188 public wire bits
       17 ports
     4099 port bits
       57 cells
        1   $anyinit
        1   $assume
        8   $eq
        3   $lt
       40   $mux
        1   $not
        3   $reduce_bool

=== $paramod$c9c40f3f133cad0f616b05e13f3266ff7eda8dc2\sram ===

        +----------Local Count, excluding submodules.
        | 
       12 wires
      245 wire bits
       12 public wires
      245 public wire bits
        8 ports
      108 port bits
        1 submodules
        1   $paramod$0668ee795243bc5dbebaf619f834399661eabe17\SyncSpRamBeNx64

=== $paramod$aa55f9af6ce1f84b3887d6ad5b52129f1b7ec34c\sram ===

        +----------Local Count, excluding submodules.
        | 
       12 wires
      243 wire bits
       12 public wires
      243 public wire bits
        8 ports
      106 port bits
        1 submodules
        1   $paramod$37bde13909691f19bb4f6e6611d46ddaa6bf1ab9\SyncSpRamBeNx64

=== $paramod$a657a94d576ec09733cac8489b6219f3f2ad4e8a\fifo_v3 ===

        +----------Local Count, excluding submodules.
        | 
       51 wires
      208 wire bits
       24 public wires
       60 public wire bits
       11 ports
       14 port bits
       43 cells
        3   $add
        1   $and
        4   $anyinit
        1   $assume
        1   $eq
        5   $logic_and
        1   $logic_not
       17   $mux
        1   $neg
        4   $not
        1   $or
        2   $shift
        1   $shiftx
        1   $sub

=== $paramod$a5117095ff1ee419c757355eb84db4b62105adb5\axi_adapter ===

        +----------Local Count, excluding submodules.
        | 
      121 wires
     1968 wire bits
       36 public wires
      870 public wire bits
       19 ports
      646 port bits
      117 cells
        2   $and
        5   $anyinit
        1   $anyseq
        1   $assume
       12   $eq
        1   $logic_not
       66   $mux
        1   $neg
        3   $not
        1   $or
       12   $pmux
        6   $reduce_or
        2   $shift
        2   $shiftx
        2   $sub

=== $paramod$9e575ed78617da6fec8841cb85f2eaf4562c2f2d\std_nbdcache ===

        +----------Local Count, excluding submodules.
        | 
       46 wires
     6623 wire bits
       43 public wires
     6620 public wire bits
       14 ports
     1526 port bits
       42 cells
       39   $anyseq
        1   $not
        2   $reduce_or
       22 submodules
        8   $paramod$504e88aa67f1fdef38046a998000f6cfbfe75a90\sram
        1   $paramod$72ae4ab7e88a54b56c2ab35ef6af8a4e99494ff7\sram
        3   $paramod$9e575ed78617da6fec8841cb85f2eaf4562c2f2d\cache_ctrl
        8   $paramod$aa55f9af6ce1f84b3887d6ad5b52129f1b7ec34c\sram
        1   $paramod$ca754853e4d620f2a2f707a66b5a9ac122dc0149\tag_cmp
        1   $paramod\miss_handler\NR_PORTS=s32'00000000000000000000000000000011

=== $paramod$9e575ed78617da6fec8841cb85f2eaf4562c2f2d\std_cache_subsystem ===

        +----------Local Count, excluding submodules.
        | 
       46 wires
     2838 wire bits
       34 public wires
     2817 public wire bits
       21 ports
     1725 port bits
       25 cells
        3   $and
       13   $eq
        2   $logic_not
        1   $mux
        3   $pmux
        3   $reduce_or
        8 submodules
        1   $paramod$0ee8e225e3f652345efbf90b3d2d133cb3cf9bd8\stream_mux_E5853_401C6
        1   $paramod$9e575ed78617da6fec8841cb85f2eaf4562c2f2d\std_nbdcache
        1   $paramod$a657a94d576ec09733cac8489b6219f3f2ad4e8a\fifo_v3
        1   $paramod$cd11366fa6a550b17f477f710d44646261dcfb3a\stream_arbiter_3F5EB_FC9E1
        1   $paramod$cd11366fa6a550b17f477f710d44646261dcfb3a\stream_arbiter_EF48E_89DDB
        2   $paramod\stream_demux\N_OUP=s32'00000000000000000000000000000011
        1   std_icache

=== $paramod$9e575ed78617da6fec8841cb85f2eaf4562c2f2d\cache_ctrl ===

        +----------Local Count, excluding submodules.
        | 
      155 wires
     6177 wire bits
       41 public wires
     2871 public wire bits
       27 ports
     2207 port bits
      174 cells
        2   $add
        1   $and
        3   $anyinit
        1   $anyseq
        1   $assume
        8   $eq
        6   $logic_and
        4   $logic_not
        2   $logic_or
        1   $lt
      120   $mux
        1   $ne
        2   $neg
        3   $not
        1   $or
        9   $pmux
        1   $reduce_bool
        5   $reduce_or
        3   $shift

=== $paramod$9c0c63ed43046d6572f7ebf6cfdc732464890d7b\mmu ===

        +----------Local Count, excluding submodules.
        | 
      127 wires
     3680 wire bits
       69 public wires
     2045 public wire bits
       26 ports
      908 port bits
       87 cells
        1   $and
        8   $anyinit
        1   $assume
        2   $eq
       11   $logic_and
        9   $logic_not
        5   $logic_or
       45   $mux
        3   $not
        1   $reduce_and
        1   $reduce_or
        3 submodules
        2   $paramod$90f4e11c8dd492b4df8aa8601b1d83e376ca7f0f\tlb
        1   $paramod\ptw\ASID_WIDTH=32'00000000000000000000000000000001

=== $paramod$90f4e11c8dd492b4df8aa8601b1d83e376ca7f0f\tlb ===

        +----------Local Count, excluding submodules.
        | 
      564 wires
    13042 wire bits
       46 public wires
     5085 public wire bits
       11 ports
      231 port bits
      610 cells
       60   $and
        3   $anyinit
        1   $assume
       64   $eq
       32   $logic_and
       16   $logic_or
      418   $mux
       16   $not

=== $paramod$791314ac53c16e44147e59c81d28e65bd22d89b0\fifo_v2_925B0_BA4DE ===

        +----------Local Count, excluding submodules.
        | 
       13 wires
      347 wire bits
       13 public wires
      347 public wire bits
       12 ports
      344 port bits
        2 cells
        1   $ge
        1   $le
        1 submodules
        1   $paramod$42c4fdaff04d3f780f063b546e1341c10bac0f72\fifo_v3_C28B9_7997C

=== $paramod$72ae4ab7e88a54b56c2ab35ef6af8a4e99494ff7\sram ===

        +----------Local Count, excluding submodules.
        | 
       12 wires
      285 wire bits
       12 public wires
      285 public wire bits
        8 ports
      148 port bits
        1 submodules
        1   $paramod$37bde13909691f19bb4f6e6611d46ddaa6bf1ab9\SyncSpRamBeNx64

=== $paramod$613fc11925f178443709e2b716e978787d96abd4\ariane_regfile ===

        +----------Local Count, excluding submodules.
        | 
      109 wires
    10617 wire bits
       13 public wires
     4474 public wire bits
        8 ports
      281 port bits
      193 cells
        1   $anyinit
        1   $assume
       62   $eq
      126   $mux
        1   $not
        2   $shiftx

=== $paramod$55faef8494cf4fd43605273b93860932dfc9b5b3\sram ===

        +----------Local Count, excluding submodules.
        | 
       12 wires
      557 wire bits
       12 public wires
      557 public wire bits
        8 ports
      284 port bits
        2 submodules
        2   $paramod$0668ee795243bc5dbebaf619f834399661eabe17\SyncSpRamBeNx64

=== $paramod$504e88aa67f1fdef38046a998000f6cfbfe75a90\sram ===

        +----------Local Count, excluding submodules.
        | 
       12 wires
      557 wire bits
       12 public wires
      557 public wire bits
        8 ports
      284 port bits
        2 submodules
        2   $paramod$37bde13909691f19bb4f6e6611d46ddaa6bf1ab9\SyncSpRamBeNx64

=== $paramod$4b72f0480bde2cd5187e2e599a8eb9d3558f295f\arbiter ===

        +----------Local Count, excluding submodules.
        | 
       87 wires
     2485 wire bits
       32 public wires
     1266 public wire bits
       23 ports
      832 port bits
       90 cells
        2   $anyinit
        2   $anyseq
        1   $assume
        1   $eq
        2   $logic_not
        2   $lt
       67   $mux
        1   $ne
        2   $neg
        1   $not
        2   $pmux
        2   $shift
        5   $shiftx

=== $paramod$42c4fdaff04d3f780f063b546e1341c10bac0f72\fifo_v3_C28B9_7997C ===

        +----------Local Count, excluding submodules.
        | 
       53 wires
    12535 wire bits
       24 public wires
     4384 public wire bits
       11 ports
      345 port bits
       45 cells
        3   $add
        1   $and
        4   $anyinit
        1   $assume
        1   $eq
        5   $logic_and
        1   $logic_not
        2   $mul
       17   $mux
        1   $neg
        4   $not
        1   $or
        2   $shift
        1   $shiftx
        1   $sub

=== $paramod$4244dd65be73f5d0f86e712b491114f006fd139c\fifo_v3_24DF1 ===

        +----------Local Count, excluding submodules.
        | 
       55 wires
     1607 wire bits
       24 public wires
      692 public wire bits
       11 ports
      277 port bits
       47 cells
        3   $add
        1   $and
        4   $anyinit
        1   $assume
        1   $eq
        5   $logic_and
        1   $logic_not
        2   $mul
       19   $mux
        1   $neg
        4   $not
        1   $or
        2   $shift
        1   $shiftx
        1   $sub

=== $paramod$37bde13909691f19bb4f6e6611d46ddaa6bf1ab9\SyncSpRamBeNx64 ===

        +----------Local Count, excluding submodules.
        | 
     8976 wires
    99157 wire bits
      268 public wires
    16788 public wire bits
        8 ports
      148 port bits
    10759 cells
      257   $anyinit
        1   $anyseq
        1   $assume
      255   $eq
        1   $logic_not
    10242   $mux
        1   $not
        1   $pmux

=== $paramod$2dbef291f4f7a4bf4f8bb24ecdc50abe3d1cb4ad\rrarbiter ===

        +----------Local Count, excluding submodules.
        | 
       49 wires
      113 wire bits
       28 public wires
       56 public wire bits
        8 ports
       13 port bits
       43 cells
        8   $and
        3   $anyinit
        1   $anyseq
        1   $assume
        4   $eq
        3   $logic_and
        2   $logic_not
        1   $lt
       13   $mux
        5   $not
        1   $pmux
        1   $reduce_or
        2 submodules
        2   $paramod\lzc\WIDTH=32'00000000000000000000000000000011

=== $paramod$197edbfa67592557bbfcb097767a2865a48e3d18\lzc ===

        +----------Local Count, excluding submodules.
        | 
        7 wires
      955 wire bits
        7 public wires
      955 public wire bits
        3 ports
       71 port bits
      127 cells
       63   $mux
        1   $not
       63   $or

=== $paramod$13b2228d62069a441061df7e83a17f0547060356\scoreboard ===

        +----------Local Count, excluding submodules.
        | 
      779 wires
   437891 wire bits
       64 public wires
    11919 public wire bits
       30 ports
     3053 port bits
      776 cells
       60   $add
       39   $and
        4   $anyinit
       12   $anyseq
        1   $assume
       45   $eq
       35   $logic_and
       14   $logic_not
        3   $lt
        7   $mul
      338   $mux
        1   $ne
       33   $neg
       38   $not
       39   $or
        4   $reduce_or
       61   $shift
       14   $shiftx
       28   $sub

=== $paramod$0ee8e225e3f652345efbf90b3d2d133cb3cf9bd8\stream_mux_E5853_401C6 ===

        +----------Local Count, excluding submodules.
        | 
       10 wires
      316 wire bits
        8 public wires
      303 public wire bits
        7 ports
      302 port bits
        5 cells
        1   $mul
        1   $neg
        1   $shift
        2   $shiftx

=== $paramod$0668ee795243bc5dbebaf619f834399661eabe17\SyncSpRamBeNx64 ===

        +----------Local Count, excluding submodules.
        | 
     8976 wires
    99157 wire bits
      268 public wires
    16788 public wire bits
        8 ports
      148 port bits
    10759 cells
      257   $anyinit
        1   $anyseq
        1   $assume
      255   $eq
        1   $logic_not
    10242   $mux
        1   $not
        1   $pmux

=== $paramod$0087faf7dbb20daeffd5024bd6977f40d8cb9d52\axi_adapter ===

        +----------Local Count, excluding submodules.
        | 
      127 wires
     2827 wire bits
       36 public wires
     1201 public wire bits
       19 ports
      782 port bits
      126 cells
        2   $and
        5   $anyinit
        1   $anyseq
        1   $assume
       12   $eq
        1   $logic_not
       73   $mux
        1   $neg
        3   $not
        1   $or
       13   $pmux
        7   $reduce_or
        2   $shift
        2   $shiftx
        2   $sub

=== design hierarchy ===

        +----------Count including submodules.
        | 
   405864 formal_top
       22 $paramod$f08d79c7114b8c37632a2507c52bfd0e5cce1e4d\ariane
       25   $paramod$9e575ed78617da6fec8841cb85f2eaf4562c2f2d\std_cache_subsystem
        5     $paramod$0ee8e225e3f652345efbf90b3d2d133cb3cf9bd8\stream_mux_E5853_401C6
       42     $paramod$9e575ed78617da6fec8841cb85f2eaf4562c2f2d\std_nbdcache
    10759         $paramod$37bde13909691f19bb4f6e6611d46ddaa6bf1ab9\SyncSpRamBeNx64
    10759         $paramod$37bde13909691f19bb4f6e6611d46ddaa6bf1ab9\SyncSpRamBeNx64
      174       $paramod$9e575ed78617da6fec8841cb85f2eaf4562c2f2d\cache_ctrl
    10759         $paramod$37bde13909691f19bb4f6e6611d46ddaa6bf1ab9\SyncSpRamBeNx64
       57       $paramod$ca754853e4d620f2a2f707a66b5a9ac122dc0149\tag_cmp
      569       $paramod\miss_handler\NR_PORTS=s32'00000000000000000000000000000011
      126         $paramod$0087faf7dbb20daeffd5024bd6977f40d8cb9d52\axi_adapter
       90         $paramod$4b72f0480bde2cd5187e2e599a8eb9d3558f295f\arbiter
      117         $paramod$a5117095ff1ee419c757355eb84db4b62105adb5\axi_adapter
       12         $paramod\lfsr_8bit\WIDTH=32'00000000000000000000000000001000
       26         amo_alu
       43     $paramod$a657a94d576ec09733cac8489b6219f3f2ad4e8a\fifo_v3
        3     $paramod$cd11366fa6a550b17f477f710d44646261dcfb3a\stream_arbiter_3F5EB_FC9E1
       43       $paramod$2dbef291f4f7a4bf4f8bb24ecdc50abe3d1cb4ad\rrarbiter
        5         $paramod\lzc\WIDTH=32'00000000000000000000000000000011
        3     $paramod$cd11366fa6a550b17f477f710d44646261dcfb3a\stream_arbiter_EF48E_89DDB
       43       $paramod$2dbef291f4f7a4bf4f8bb24ecdc50abe3d1cb4ad\rrarbiter
        5         $paramod\lzc\WIDTH=32'00000000000000000000000000000011
        3     $paramod\stream_demux\N_OUP=s32'00000000000000000000000000000011
      158     std_icache
    10759         $paramod$0668ee795243bc5dbebaf619f834399661eabe17\SyncSpRamBeNx64
    10759         $paramod$0668ee795243bc5dbebaf619f834399661eabe17\SyncSpRamBeNx64
       12       $paramod\lfsr_8bit\WIDTH=32'00000000000000000000000000000100
        7       $paramod\lzc\WIDTH=32'00000000000000000000000000000100
      776     $paramod$13b2228d62069a441061df7e83a17f0547060356\scoreboard
      157     issue_read_operands
      193       $paramod$613fc11925f178443709e2b716e978787d96abd4\ariane_regfile
      492   $paramod\csr_regfile\ASID_WIDTH=s32'00000000000000000000000000000001
      148   commit_stage
       38   controller
       19   ex_stage
       56     alu
       30     branch_unit
       15     csr_buffer
       92     load_store_unit
       87       $paramod$9c0c63ed43046d6572f7ebf6cfdc732464890d7b\mmu
      610         $paramod$90f4e11c8dd492b4df8aa8601b1d83e376ca7f0f\tlb
      141         $paramod\ptw\ASID_WIDTH=32'00000000000000000000000000000001
        5       $paramod\pipe_reg_simple_218FF\Depth=s32'00000000000000000000000000000001
      100       load_unit
       55       lsu_bypass
      119       store_unit
        4         amo_buffer
        2           $paramod$e16d115b74caf79752ccaf4f7620bf2218c9fec7\fifo_v2_EC778
       47             $paramod$4244dd65be73f5d0f86e712b491114f006fd139c\fifo_v3_24DF1
      241         store_buffer
       41     mult
      111       $paramod\serdiv\WIDTH=s32'00000000000000000000000001000000
      127         $paramod$197edbfa67592557bbfcb097767a2865a48e3d18\lzc
       33       multiplier
      201   frontend
        2     $paramod$791314ac53c16e44147e59c81d28e65bd22d89b0\fifo_v2_925B0_BA4DE
       45       $paramod$42c4fdaff04d3f780f063b546e1341c10bac0f72\fifo_v3_C28B9_7997C
      301     $paramod\bht\NR_ENTRIES=s32'00000000000000000000000010000000
      158     $paramod\btb\NR_ENTRIES=s32'00000000000000000000000001000000
       11     $paramod\ras\DEPTH=s32'00000000000000000000000000000010
       47     instr_scan
       12   id_stage
       80     compressed_decoder
      221     decoder
       87     instr_realigner
       68   perf_counters

        +----------Count including submodules.
        | 
   340122 wires
  4455605 wire bits
    12740 public wires
   779055 public wire bits
     1557 ports
    61909 port bits
        - memories
        - memory bits
        - processes
   405864 cells
      174   $add
      326   $and
     9709   $anyinit
      272   $anyseq
       10   $assert
       81   $assume
    10187   $eq
       14   $ff
        4   $ge
        1   $gt
        4   $le
      292   $logic_and
      187   $logic_not
      103   $logic_or
       44   $lt
        5   $mem_v2
       27   $mul
   383106   $mux
       32   $ne
       81   $neg
      261   $not
      252   $or
      219   $pmux
        7   $reduce_and
       25   $reduce_bool
      169   $reduce_or
      136   $shift
       63   $shiftx
        1   $shr
        1   $sshl
        2   $sshr
       58   $sub
       11   $xor
        1 submodules
        1   $paramod$f08d79c7114b8c37632a2507c52bfd0e5cce1e4d\ariane

6. Executing SMT2 backend.

6.1. Executing BMUXMAP pass.

6.2. Executing DEMUXMAP pass.
Creating SMT-LIBv2 representation of module $paramod$0087faf7dbb20daeffd5024bd6977f40d8cb9d52\axi_adapter.
Creating SMT-LIBv2 representation of module $paramod$0668ee795243bc5dbebaf619f834399661eabe17\SyncSpRamBeNx64.
Creating SMT-LIBv2 representation of module $paramod$0ee8e225e3f652345efbf90b3d2d133cb3cf9bd8\stream_mux_E5853_401C6.
Creating SMT-LIBv2 representation of module $paramod$13b2228d62069a441061df7e83a17f0547060356\scoreboard.
Creating SMT-LIBv2 representation of module $paramod$197edbfa67592557bbfcb097767a2865a48e3d18\lzc.
Creating SMT-LIBv2 representation of module $paramod$37bde13909691f19bb4f6e6611d46ddaa6bf1ab9\SyncSpRamBeNx64.
Creating SMT-LIBv2 representation of module $paramod$4244dd65be73f5d0f86e712b491114f006fd139c\fifo_v3_24DF1.
Creating SMT-LIBv2 representation of module $paramod$42c4fdaff04d3f780f063b546e1341c10bac0f72\fifo_v3_C28B9_7997C.
Creating SMT-LIBv2 representation of module $paramod$4b72f0480bde2cd5187e2e599a8eb9d3558f295f\arbiter.
Creating SMT-LIBv2 representation of module $paramod$613fc11925f178443709e2b716e978787d96abd4\ariane_regfile.
Creating SMT-LIBv2 representation of module $paramod$90f4e11c8dd492b4df8aa8601b1d83e376ca7f0f\tlb.
Creating SMT-LIBv2 representation of module $paramod$9e575ed78617da6fec8841cb85f2eaf4562c2f2d\cache_ctrl.
Creating SMT-LIBv2 representation of module $paramod$a5117095ff1ee419c757355eb84db4b62105adb5\axi_adapter.
Creating SMT-LIBv2 representation of module $paramod$a657a94d576ec09733cac8489b6219f3f2ad4e8a\fifo_v3.
Creating SMT-LIBv2 representation of module $paramod$ca754853e4d620f2a2f707a66b5a9ac122dc0149\tag_cmp.
Creating SMT-LIBv2 representation of module $paramod\bht\NR_ENTRIES=s32'00000000000000000000000010000000.
Creating SMT-LIBv2 representation of module $paramod\btb\NR_ENTRIES=s32'00000000000000000000000001000000.
Creating SMT-LIBv2 representation of module $paramod\csr_regfile\ASID_WIDTH=s32'00000000000000000000000000000001.
Creating SMT-LIBv2 representation of module $paramod\lfsr_8bit\WIDTH=32'00000000000000000000000000000100.
Creating SMT-LIBv2 representation of module $paramod\lfsr_8bit\WIDTH=32'00000000000000000000000000001000.
Creating SMT-LIBv2 representation of module $paramod\lzc\WIDTH=32'00000000000000000000000000000011.
Creating SMT-LIBv2 representation of module $paramod\lzc\WIDTH=32'00000000000000000000000000000100.
Creating SMT-LIBv2 representation of module $paramod\pipe_reg_simple_218FF\Depth=s32'00000000000000000000000000000000.
Creating SMT-LIBv2 representation of module $paramod\pipe_reg_simple_218FF\Depth=s32'00000000000000000000000000000001.
Creating SMT-LIBv2 representation of module $paramod\ptw\ASID_WIDTH=32'00000000000000000000000000000001.
Creating SMT-LIBv2 representation of module $paramod\ras\DEPTH=s32'00000000000000000000000000000010.
Creating SMT-LIBv2 representation of module $paramod\stream_demux\N_OUP=s32'00000000000000000000000000000011.
Creating SMT-LIBv2 representation of module alu.
Creating SMT-LIBv2 representation of module amo_alu.
Creating SMT-LIBv2 representation of module branch_unit.
Creating SMT-LIBv2 representation of module commit_stage.
Creating SMT-LIBv2 representation of module compressed_decoder.
Creating SMT-LIBv2 representation of module controller.
Creating SMT-LIBv2 representation of module csr_buffer.
Creating SMT-LIBv2 representation of module decoder.
Creating SMT-LIBv2 representation of module instr_realigner.
Creating SMT-LIBv2 representation of module instr_scan.
Creating SMT-LIBv2 representation of module load_unit.
Creating SMT-LIBv2 representation of module lsu_bypass.
Creating SMT-LIBv2 representation of module multiplier.
Creating SMT-LIBv2 representation of module perf_counters.
Creating SMT-LIBv2 representation of module re_name.
Creating SMT-LIBv2 representation of module store_buffer.
Creating SMT-LIBv2 representation of module $paramod$2dbef291f4f7a4bf4f8bb24ecdc50abe3d1cb4ad\rrarbiter.
Creating SMT-LIBv2 representation of module $paramod$504e88aa67f1fdef38046a998000f6cfbfe75a90\sram.
Creating SMT-LIBv2 representation of module $paramod$55faef8494cf4fd43605273b93860932dfc9b5b3\sram.
Creating SMT-LIBv2 representation of module $paramod$72ae4ab7e88a54b56c2ab35ef6af8a4e99494ff7\sram.
Creating SMT-LIBv2 representation of module $paramod$791314ac53c16e44147e59c81d28e65bd22d89b0\fifo_v2_925B0_BA4DE.
Creating SMT-LIBv2 representation of module $paramod$9c0c63ed43046d6572f7ebf6cfdc732464890d7b\mmu.
Creating SMT-LIBv2 representation of module $paramod$aa55f9af6ce1f84b3887d6ad5b52129f1b7ec34c\sram.
Creating SMT-LIBv2 representation of module $paramod$c9c40f3f133cad0f616b05e13f3266ff7eda8dc2\sram.
Creating SMT-LIBv2 representation of module $paramod$e16d115b74caf79752ccaf4f7620bf2218c9fec7\fifo_v2_EC778.
Creating SMT-LIBv2 representation of module $paramod\miss_handler\NR_PORTS=s32'00000000000000000000000000000011.
Creating SMT-LIBv2 representation of module $paramod\serdiv\WIDTH=s32'00000000000000000000000001000000.
Creating SMT-LIBv2 representation of module id_stage.
Creating SMT-LIBv2 representation of module issue_read_operands.
Creating SMT-LIBv2 representation of module $paramod$9e575ed78617da6fec8841cb85f2eaf4562c2f2d\std_nbdcache.
Creating SMT-LIBv2 representation of module $paramod$caab21b6a99e701011d7548cc7680ab5e1c4d3c4\issue_stage.
Creating SMT-LIBv2 representation of module $paramod$cd11366fa6a550b17f477f710d44646261dcfb3a\stream_arbiter_3F5EB_FC9E1.
Creating SMT-LIBv2 representation of module $paramod$cd11366fa6a550b17f477f710d44646261dcfb3a\stream_arbiter_EF48E_89DDB.
Creating SMT-LIBv2 representation of module amo_buffer.
Creating SMT-LIBv2 representation of module frontend.
Creating SMT-LIBv2 representation of module mult.
Creating SMT-LIBv2 representation of module std_icache.
Creating SMT-LIBv2 representation of module $paramod$9e575ed78617da6fec8841cb85f2eaf4562c2f2d\std_cache_subsystem.
Creating SMT-LIBv2 representation of module store_unit.
Creating SMT-LIBv2 representation of module load_store_unit.
Creating SMT-LIBv2 representation of module ex_stage.
Creating SMT-LIBv2 representation of module $paramod$f08d79c7114b8c37632a2507c52bfd0e5cce1e4d\ariane.
Creating SMT-LIBv2 representation of module formal_top.

End of script. Logfile hash: e138a76c9d, CPU: user 1.00s system 0.04s, MEM: 164.36 MB peak
Yosys 0.56+186 (git sha1 51eaaffe0, clang++ 18.1.8 -fPIC -O3)
Time spent: 83% 2x write_smt2 (0 sec), 9% 2x read_rtlil (0 sec), ...
