
 /----------------------------------------------------------------------------\
 |  yosys -- Yosys Open SYnthesis Suite                                       |
 |  Copyright (C) 2012 - 2025  Claire Xenia Wolf <claire@yosyshq.com>         |
 |  Distributed under an ISC-like license, type "license" to see terms        |
 \----------------------------------------------------------------------------/
 Yosys 0.56+186 (git sha1 51eaaffe0, clang++ 18.1.8 -fPIC -O3)

-- Executing script file `design_prep.ys' --

1. Executing RTLIL frontend.
Input filename: design.il

2. Executing SCC pass (detecting logic loops).
Found 0 SCCs in module store_unit.
Found 0 SCCs in module store_buffer.
Found 0 SCCs in module std_icache.
Found 0 SCCs in module re_name.
Found 0 SCCs in module perf_counters.
Found 0 SCCs in module multiplier.
Found 0 SCCs in module mult.
Found 0 SCCs in module lsu_bypass.
Found 0 SCCs in module load_unit.
Found 0 SCCs in module load_store_unit.
Found 0 SCCs in module issue_read_operands.
Found 0 SCCs in module instr_scan.
Found 0 SCCs in module instr_realigner.
Found 0 SCCs in module id_stage.
Found 0 SCCs in module frontend.
Found 0 SCCs in module formal_top.
Found 0 SCCs in module ex_stage.
Found 0 SCCs in module decoder.
Found 0 SCCs in module csr_buffer.
Found 0 SCCs in module controller.
Found 0 SCCs in module compressed_decoder.
Found 0 SCCs in module commit_stage.
Found 0 SCCs in module branch_unit.
Found 0 SCCs in module amo_buffer.
Found 0 SCCs in module amo_alu.
Found 0 SCCs in module alu.
Found 0 SCCs in module $paramod\stream_demux\N_OUP=s32'00000000000000000000000000000011.
Found 0 SCCs in module $paramod\serdiv\WIDTH=s32'00000000000000000000000001000000.
Found 0 SCCs in module $paramod\ras\DEPTH=s32'00000000000000000000000000000010.
Found 0 SCCs in module $paramod\ptw\ASID_WIDTH=32'00000000000000000000000000000001.
Found 0 SCCs in module $paramod\pipe_reg_simple_218FF\Depth=s32'00000000000000000000000000000001.
Found 0 SCCs in module $paramod\pipe_reg_simple_218FF\Depth=s32'00000000000000000000000000000000.
Found 0 SCCs in module $paramod\miss_handler\NR_PORTS=s32'00000000000000000000000000000011.
Found 0 SCCs in module $paramod\lzc\WIDTH=32'00000000000000000000000000000100.
Found 0 SCCs in module $paramod\lzc\WIDTH=32'00000000000000000000000000000011.
Found 0 SCCs in module $paramod\lfsr_8bit\WIDTH=32'00000000000000000000000000001000.
Found 0 SCCs in module $paramod\lfsr_8bit\WIDTH=32'00000000000000000000000000000100.
Found 0 SCCs in module $paramod\csr_regfile\ASID_WIDTH=s32'00000000000000000000000000000001.
Found 0 SCCs in module $paramod\btb\NR_ENTRIES=s32'00000000000000000000000001000000.
Found 0 SCCs in module $paramod\bht\NR_ENTRIES=s32'00000000000000000000000010000000.
Found 0 SCCs in module $paramod$f08d79c7114b8c37632a2507c52bfd0e5cce1e4d\ariane.
Found 0 SCCs in module $paramod$e16d115b74caf79752ccaf4f7620bf2218c9fec7\fifo_v2_EC778.
Found 0 SCCs in module $paramod$cd11366fa6a550b17f477f710d44646261dcfb3a\stream_arbiter_EF48E_89DDB.
Found 0 SCCs in module $paramod$cd11366fa6a550b17f477f710d44646261dcfb3a\stream_arbiter_3F5EB_FC9E1.
Found 0 SCCs in module $paramod$caab21b6a99e701011d7548cc7680ab5e1c4d3c4\issue_stage.
Found 0 SCCs in module $paramod$ca754853e4d620f2a2f707a66b5a9ac122dc0149\tag_cmp.
Found 0 SCCs in module $paramod$c9c40f3f133cad0f616b05e13f3266ff7eda8dc2\sram.
Found 0 SCCs in module $paramod$aa55f9af6ce1f84b3887d6ad5b52129f1b7ec34c\sram.
Found 0 SCCs in module $paramod$a657a94d576ec09733cac8489b6219f3f2ad4e8a\fifo_v3.
Found 0 SCCs in module $paramod$a5117095ff1ee419c757355eb84db4b62105adb5\axi_adapter.
Found 0 SCCs in module $paramod$9e575ed78617da6fec8841cb85f2eaf4562c2f2d\std_nbdcache.
Found 0 SCCs in module $paramod$9e575ed78617da6fec8841cb85f2eaf4562c2f2d\std_cache_subsystem.
Found 0 SCCs in module $paramod$9e575ed78617da6fec8841cb85f2eaf4562c2f2d\cache_ctrl.
Found 0 SCCs in module $paramod$9c0c63ed43046d6572f7ebf6cfdc732464890d7b\mmu.
Found 0 SCCs in module $paramod$90f4e11c8dd492b4df8aa8601b1d83e376ca7f0f\tlb.
Found 0 SCCs in module $paramod$791314ac53c16e44147e59c81d28e65bd22d89b0\fifo_v2_925B0_BA4DE.
Found 0 SCCs in module $paramod$72ae4ab7e88a54b56c2ab35ef6af8a4e99494ff7\sram.
Found 0 SCCs in module $paramod$613fc11925f178443709e2b716e978787d96abd4\ariane_regfile.
Found 0 SCCs in module $paramod$55faef8494cf4fd43605273b93860932dfc9b5b3\sram.
Found 0 SCCs in module $paramod$504e88aa67f1fdef38046a998000f6cfbfe75a90\sram.
Found 0 SCCs in module $paramod$4b72f0480bde2cd5187e2e599a8eb9d3558f295f\arbiter.
Found 0 SCCs in module $paramod$42c4fdaff04d3f780f063b546e1341c10bac0f72\fifo_v3_C28B9_7997C.
Found 0 SCCs in module $paramod$4244dd65be73f5d0f86e712b491114f006fd139c\fifo_v3_24DF1.
Found 0 SCCs in module $paramod$37bde13909691f19bb4f6e6611d46ddaa6bf1ab9\SyncSpRamBeNx64.
Found 0 SCCs in module $paramod$2dbef291f4f7a4bf4f8bb24ecdc50abe3d1cb4ad\rrarbiter.
Found 0 SCCs in module $paramod$197edbfa67592557bbfcb097767a2865a48e3d18\lzc.
Found 0 SCCs in module $paramod$13b2228d62069a441061df7e83a17f0547060356\scoreboard.
Found 0 SCCs in module $paramod$0ee8e225e3f652345efbf90b3d2d133cb3cf9bd8\stream_mux_E5853_401C6.
Found 0 SCCs in module $paramod$0668ee795243bc5dbebaf619f834399661eabe17\SyncSpRamBeNx64.
Found 0 SCCs in module $paramod$0087faf7dbb20daeffd5024bd6977f40d8cb9d52\axi_adapter.
Found 0 SCCs.

3. Executing SIMPLEMAP pass (map simple cells to gate primitives).

4. Executing MEMORY_NORDFF pass (extracting $dff cells from memories).

5. Executing ASYNC2SYNC pass.
Replacing store_unit.$procdff$639269 ($adff): ARST=\rst_ni, D=\amo_op_d, Q=\amo_op_q
Replacing store_unit.$procdff$639264 ($adff): ARST=\rst_ni, D=\st_data_size_n, Q=\st_data_size_q
Replacing store_unit.$procdff$639259 ($adff): ARST=\rst_ni, D=\lsu_ctrl_i [21:14], Q=\st_be_q
Replacing store_unit.$procdff$639254 ($adff): ARST=\rst_ni, D=\st_data_n, Q=\st_data_q
Replacing store_unit.$procdff$639249 ($adff): ARST=\rst_ni, D=\lsu_ctrl_i [2:0], Q=\trans_id_q
Replacing store_unit.$procdff$639244 ($adff): ARST=\rst_ni, D=\state_d, Q=\state_q
Replacing store_buffer.$procdff$638465 ($adff): ARST=\rst_ni, D=\speculative_write_pointer_n, Q=\speculative_write_pointer_q
Replacing store_buffer.$procdff$638460 ($adff): ARST=\rst_ni, D=\speculative_read_pointer_n, Q=\speculative_read_pointer_q
Replacing store_buffer.$procdff$638455 ($adff): ARST=\rst_ni, D=\speculative_status_cnt_n, Q=\speculative_status_cnt_q
Replacing store_buffer.$procdff$638450 ($adff): ARST=\rst_ni, D=\speculative_queue_n, Q=\speculative_queue_q
Replacing store_buffer.$procdff$638445 ($adff): ARST=\rst_ni, D=\commit_write_pointer_n, Q=\commit_write_pointer_q
Replacing store_buffer.$procdff$638440 ($adff): ARST=\rst_ni, D=\commit_read_pointer_n, Q=\commit_read_pointer_q
Replacing store_buffer.$procdff$638435 ($adff): ARST=\rst_ni, D=\commit_status_cnt_n, Q=\commit_status_cnt_q
Replacing store_buffer.$procdff$638430 ($adff): ARST=\rst_ni, D=\commit_queue_n, Q=\commit_queue_q
Replacing std_icache.$procdff$639494 ($adff): ARST=\rst_ni, D=\flushing_d, Q=\flushing_q
Replacing std_icache.$procdff$639489 ($adff): ARST=\rst_ni, D=\evict_way_d, Q=\evict_way_q
Replacing std_icache.$procdff$639484 ($adff): ARST=\rst_ni, D=\tag_d, Q=\tag_q
Replacing std_icache.$procdff$639479 ($adff): ARST=\rst_ni, D=\vaddr_d, Q=\vaddr_q
Replacing std_icache.$procdff$639474 ($adff): ARST=\rst_ni, D=\burst_cnt_d, Q=\burst_cnt_q
Replacing std_icache.$procdff$639469 ($adff): ARST=\rst_ni, D=\cnt_d, Q=\cnt_q
Replacing std_icache.$procdff$639464 ($adff): ARST=\rst_ni, D=\state_d, Q=\state_q
Replacing perf_counters.$procdff$638480 ($adff): ARST=\rst_ni, D=\perf_counter_d, Q=\perf_counter_q
Replacing multiplier.$procdff$638500 ($adff): ARST=\rst_ni, D=\mult_result_d, Q=\mult_result_q
Replacing multiplier.$procdff$638495 ($adff): ARST=\rst_ni, D=\operator_i, Q=\operator_q
Replacing multiplier.$procdff$638490 ($adff): ARST=\rst_ni, D=\trans_id_i, Q=\trans_id_q
Replacing multiplier.$procdff$638485 ($adff): ARST=\rst_ni, D=\mult_valid, Q=\mult_valid_q
Replacing mult.$procdff$638505 ($adff): ARST=\rst_ni, D=\word_op_d, Q=\word_op_q
Replacing lsu_bypass.$procdff$639239 ($adff): ARST=\rst_ni, D=\mem_n, Q=\mem_q
Replacing lsu_bypass.$procdff$639234 ($adff): ARST=\rst_ni, D=\status_cnt_n, Q=\status_cnt_q
Replacing lsu_bypass.$procdff$639229 ($adff): ARST=\rst_ni, D=\sv2v_autoblock_1.write_pointer, Q=\write_pointer_q
Replacing lsu_bypass.$procdff$639224 ($adff): ARST=\rst_ni, D=\read_pointer_n, Q=\read_pointer_q
Replacing load_unit.$procdff$639294 ($adff): ARST=\rst_ni, D=\load_data_d, Q=\load_data_q
Replacing load_unit.$procdff$639289 ($adff): ARST=\rst_ni, D=\state_d, Q=\state_q
Replacing load_unit.$procdff$639284 ($adff): ARST=\rst_ni, D=\fp_sign_d, Q=\fp_sign_q
Replacing load_unit.$procdff$639279 ($adff): ARST=\rst_ni, D=\signed_d, Q=\signed_q
Replacing load_unit.$procdff$639274 ($adff): ARST=\rst_ni, D=\idx_d, Q=\idx_q
Replacing issue_read_operands.$procdff$639379 ($adff): ARST=\rst_ni, D=\issue_instr_i [294:291], Q=\fu_q
Replacing issue_read_operands.$procdff$639374 ($adff): ARST=\rst_ni, D=\issue_instr_i [290:284], Q=\operator_q
Replacing issue_read_operands.$procdff$639369 ($adff): ARST=\rst_ni, D=\issue_instr_i [297:295], Q=\trans_id_q
Replacing issue_read_operands.$procdff$639364 ($adff): ARST=\rst_ni, D=\branch_valid_n, Q=\branch_valid_q
Replacing issue_read_operands.$procdff$639359 ($adff): ARST=\rst_ni, D=\csr_valid_n, Q=\csr_valid_q
Replacing issue_read_operands.$procdff$639354 ($adff): ARST=\rst_ni, D=\lsu_valid_n, Q=\lsu_valid_q
Replacing issue_read_operands.$procdff$639349 ($adff): ARST=\rst_ni, D=\fpu_rm_n, Q=\fpu_rm_q
Replacing issue_read_operands.$procdff$639344 ($adff): ARST=\rst_ni, D=\fpu_fmt_n, Q=\fpu_fmt_q
Replacing issue_read_operands.$procdff$639339 ($adff): ARST=\rst_ni, D=\fpu_valid_n, Q=\fpu_valid_q
Replacing issue_read_operands.$procdff$639334 ($adff): ARST=\rst_ni, D=\mult_valid_n, Q=\mult_valid_q
Replacing issue_read_operands.$procdff$639329 ($adff): ARST=\rst_ni, D=\alu_valid_n, Q=\alu_valid_q
Replacing issue_read_operands.$procdff$639324 ($adff): ARST=\rst_ni, D=\issue_instr_i [265:202], Q=\imm_q
Replacing issue_read_operands.$procdff$639319 ($adff): ARST=\rst_ni, D=\operand_b_n, Q=\operand_b_q
Replacing issue_read_operands.$procdff$639314 ($adff): ARST=\rst_ni, D=\operand_a_n, Q=\operand_a_q
Replacing issue_read_operands.$procdff$639309 ($adff): ARST=\rst_ni, D=\issue_instr_i [68:1], Q=\branch_predict_o
Replacing issue_read_operands.$procdff$639304 ($adff): ARST=\rst_ni, D=\issue_instr_i [0], Q=\is_compressed_instr_o
Replacing issue_read_operands.$procdff$639299 ($adff): ARST=\rst_ni, D=\issue_instr_i [361:298], Q=\pc_o
Replacing instr_realigner.$procdff$639399 ($adff): ARST=\rst_ni, D=\compressed_n, Q=\compressed_q
Replacing instr_realigner.$procdff$639394 ($adff): ARST=\rst_ni, D=\unaligned_address_n, Q=\unaligned_address_q
Replacing instr_realigner.$procdff$639389 ($adff): ARST=\rst_ni, D=\unaligned_n, Q=\unaligned_q
Replacing instr_realigner.$procdff$639384 ($adff): ARST=\rst_ni, D=\unaligned_instr_n, Q=\unaligned_instr_q
Replacing id_stage.$procdff$639404 ($adff): ARST=\rst_ni, D=\issue_n, Q=\issue_q
Replacing frontend.$procdff$639459 ($adff): ARST=\rst_ni, D=\unaligned_address_d, Q=\unaligned_address_q
Replacing frontend.$procdff$639454 ($adff): ARST=\rst_ni, D=\unaligned_d, Q=\unaligned_q
Replacing frontend.$procdff$639449 ($adff): ARST=\rst_ni, D=\unaligned_instr_d, Q=\unaligned_instr_q
Replacing frontend.$procdff$639444 ($adff): ARST=\rst_ni, D=\fifo_credits_d, Q=\fifo_credits_q
Replacing frontend.$procdff$639439 ($adff): ARST=\rst_ni, D=\s2_in_flight_d, Q=\s2_in_flight_q
Replacing frontend.$procdff$639434 ($adff): ARST=\rst_ni, D=1'0, Q=\npc_rst_load_q
Replacing frontend.$procdff$639429 ($adff): ARST=\rst_ni, D=\npc_d, Q=\npc_q
Replacing frontend.$procdff$639424 ($adff): ARST=\rst_ni, D=\icache_dreq_i [192:129], Q=\icache_vaddr_q
Replacing frontend.$procdff$639419 ($adff): ARST=\rst_ni, D=\icache_dreq_i [0], Q=\icache_ex_valid_q
Replacing frontend.$procdff$639414 ($adff): ARST=\rst_ni, D=\icache_dreq_i [225], Q=\icache_valid_q
Replacing frontend.$procdff$639409 ($adff): ARST=\rst_ni, D=\icache_dreq_i [224:193], Q=\icache_data_q
Replacing csr_buffer.$procdff$639504 ($adff): ARST=\rst_ni, D=\csr_reg_n, Q=\csr_reg_q
Replacing controller.$procdff$639514 ($adff): ARST=\rst_ni, D=\fence_active_d, Q=\fence_active_q
Replacing controller.$procdff$639509 ($adff): ARST=\rst_ni, D=\flush_dcache, Q=\flush_dcache_o
Replacing $paramod\serdiv\WIDTH=s32'00000000000000000000000001000000.$procdff$638229 ($adff): ARST=\rst_ni, D=\div_res_zero_d, Q=\div_res_zero_q
Replacing $paramod\serdiv\WIDTH=s32'00000000000000000000000001000000.$procdff$638224 ($adff): ARST=\rst_ni, D=\res_inv_d, Q=\res_inv_q
Replacing $paramod\serdiv\WIDTH=s32'00000000000000000000000001000000.$procdff$638219 ($adff): ARST=\rst_ni, D=\comp_inv_d, Q=\comp_inv_q
Replacing $paramod\serdiv\WIDTH=s32'00000000000000000000000001000000.$procdff$638214 ($adff): ARST=\rst_ni, D=\rem_sel_d, Q=\rem_sel_q
Replacing $paramod\serdiv\WIDTH=s32'00000000000000000000000001000000.$procdff$638209 ($adff): ARST=\rst_ni, D=\op_b_zero_d, Q=\op_b_zero_q
Replacing $paramod\serdiv\WIDTH=s32'00000000000000000000000001000000.$procdff$638204 ($adff): ARST=\rst_ni, D=\op_b_d, Q=\op_b_q
Replacing $paramod\serdiv\WIDTH=s32'00000000000000000000000001000000.$procdff$638199 ($adff): ARST=\rst_ni, D=\op_a_d, Q=\op_a_q
Replacing $paramod\serdiv\WIDTH=s32'00000000000000000000000001000000.$procdff$638194 ($adff): ARST=\rst_ni, D=\res_d, Q=\res_q
Replacing $paramod\serdiv\WIDTH=s32'00000000000000000000000001000000.$procdff$638189 ($adff): ARST=\rst_ni, D=\id_d, Q=\id_q
Replacing $paramod\serdiv\WIDTH=s32'00000000000000000000000001000000.$procdff$638184 ($adff): ARST=\rst_ni, D=\cnt_d, Q=\cnt_q
Replacing $paramod\serdiv\WIDTH=s32'00000000000000000000000001000000.$procdff$638179 ($adff): ARST=\rst_ni, D=\state_d, Q=\state_q
Replacing $paramod\ras\DEPTH=s32'00000000000000000000000000000010.$procdff$638095 ($adff): ARST=\rst_ni, D=\stack_d, Q=\stack_q
Replacing $paramod\ptw\ASID_WIDTH=32'00000000000000000000000000000001.$procdff$639844 ($adff): ARST=\rst_ni, D=\ptw_pptr_n, Q=\ptw_pptr_q
Replacing $paramod\ptw\ASID_WIDTH=32'00000000000000000000000000000001.$procdff$639839 ($adff): ARST=\rst_ni, D=\tlb_update_asid_n, Q=\tlb_update_asid_q
Replacing $paramod\ptw\ASID_WIDTH=32'00000000000000000000000000000001.$procdff$639834 ($adff): ARST=\rst_ni, D=\tag_valid_n, Q=\tag_valid_q
Replacing $paramod\ptw\ASID_WIDTH=32'00000000000000000000000000000001.$procdff$639829 ($adff): ARST=\rst_ni, D=\global_mapping_n, Q=\global_mapping_q
Replacing $paramod\ptw\ASID_WIDTH=32'00000000000000000000000000000001.$procdff$639824 ($adff): ARST=\rst_ni, D=\is_instr_ptw_n, Q=\is_instr_ptw_q
Replacing $paramod\ptw\ASID_WIDTH=32'00000000000000000000000000000001.$procdff$639819 ($adff): ARST=\rst_ni, D=\ptw_lvl_n, Q=\ptw_lvl_q
Replacing $paramod\ptw\ASID_WIDTH=32'00000000000000000000000000000001.$procdff$639814 ($adff): ARST=\rst_ni, D=\req_port_i [63:0], Q=\data_rdata_q
Replacing $paramod\ptw\ASID_WIDTH=32'00000000000000000000000000000001.$procdff$639809 ($adff): ARST=\rst_ni, D=\req_port_i [64], Q=\data_rvalid_q
Replacing $paramod\ptw\ASID_WIDTH=32'00000000000000000000000000000001.$procdff$639804 ($adff): ARST=\rst_ni, D=\vaddr_n, Q=\vaddr_q
Replacing $paramod\ptw\ASID_WIDTH=32'00000000000000000000000000000001.$procdff$639799 ($adff): ARST=\rst_ni, D=\state_d, Q=\state_q
Replacing $paramod\pipe_reg_simple_218FF\Depth=s32'00000000000000000000000000000001.$procdff$638174 ($adff): ARST=\rst_ni, D=\d_i, Q=\d_o
Replacing $paramod\miss_handler\NR_PORTS=s32'00000000000000000000000000000011.$procdff$639199 ($adff): ARST=\rst_ni, D=\reservation_d, Q=\reservation_q
Replacing $paramod\miss_handler\NR_PORTS=s32'00000000000000000000000000000011.$procdff$639194 ($adff): ARST=\rst_ni, D=\serve_amo_d, Q=\serve_amo_q
Replacing $paramod\miss_handler\NR_PORTS=s32'00000000000000000000000000000011.$procdff$639189 ($adff): ARST=\rst_ni, D=\evict_cl_d, Q=\evict_cl_q
Replacing $paramod\miss_handler\NR_PORTS=s32'00000000000000000000000000000011.$procdff$639184 ($adff): ARST=\rst_ni, D=\mshr_d, Q=\mshr_q
Replacing $paramod\miss_handler\NR_PORTS=s32'00000000000000000000000000000011.$procdff$639179 ($adff): ARST=\rst_ni, D=\evict_way_d, Q=\evict_way_q
Replacing $paramod\miss_handler\NR_PORTS=s32'00000000000000000000000000000011.$procdff$639174 ($adff): ARST=\rst_ni, D=\cnt_d, Q=\cnt_q
Replacing $paramod\miss_handler\NR_PORTS=s32'00000000000000000000000000000011.$procdff$639169 ($adff): ARST=\rst_ni, D=\state_d, Q=\state_q
Replacing $paramod\miss_handler\NR_PORTS=s32'00000000000000000000000000000011.$auto$proc_dlatch.cc:432:proc_dlatch$636799 ($dlatch): EN=$auto$rtlil.cc:2959:Not$636809, D=\mshr_q [129], Q=\active_serving_o [2]
Replacing $paramod\miss_handler\NR_PORTS=s32'00000000000000000000000000000011.$auto$proc_dlatch.cc:432:proc_dlatch$636788 ($dlatch): EN=$auto$rtlil.cc:2959:Not$636798, D=\mshr_q [129], Q=\active_serving_o [1]
Replacing $paramod\miss_handler\NR_PORTS=s32'00000000000000000000000000000011.$auto$proc_dlatch.cc:432:proc_dlatch$636777 ($dlatch): EN=$auto$rtlil.cc:2959:Not$636787, D=\mshr_q [129], Q=\active_serving_o [0]
Replacing $paramod\lfsr_8bit\WIDTH=32'00000000000000000000000000001000.$procdff$639164 ($adff): ARST=\rst_ni, D=\shift_d, Q=\shift_q
Replacing $paramod\lfsr_8bit\WIDTH=32'00000000000000000000000000000100.$procdff$639499 ($adff): ARST=\rst_ni, D=\shift_d, Q=\shift_q
Replacing $paramod\csr_regfile\ASID_WIDTH=s32'00000000000000000000000000000001.$procdff$639794 ($adff): ARST=\rst_ni, D={ \fcsr_q [31:15] \fcsr_d [14:0] }, Q=\fcsr_q
Replacing $paramod\csr_regfile\ASID_WIDTH=s32'00000000000000000000000000000001.$procdff$639789 ($adff): ARST=\rst_ni, D=\instret_d, Q=\instret_q
Replacing $paramod\csr_regfile\ASID_WIDTH=s32'00000000000000000000000000000001.$procdff$639784 ($adff): ARST=\rst_ni, D=\cycle_d, Q=\cycle_q
Replacing $paramod\csr_regfile\ASID_WIDTH=s32'00000000000000000000000000000001.$procdff$639779 ($adff): ARST=\rst_ni, D=\wfi_d, Q=\wfi_q
Replacing $paramod\csr_regfile\ASID_WIDTH=s32'00000000000000000000000000000001.$procdff$639774 ($adff): ARST=\rst_ni, D=\icache_d, Q=\icache_q
Replacing $paramod\csr_regfile\ASID_WIDTH=s32'00000000000000000000000000000001.$procdff$639769 ($adff): ARST=\rst_ni, D=\dcache_d, Q=\dcache_q
Replacing $paramod\csr_regfile\ASID_WIDTH=s32'00000000000000000000000000000001.$procdff$639764 ($adff): ARST=\rst_ni, D=\stval_d, Q=\stval_q
Replacing $paramod\csr_regfile\ASID_WIDTH=s32'00000000000000000000000000000001.$procdff$639759 ($adff): ARST=\rst_ni, D=\scause_d, Q=\scause_q
Replacing $paramod\csr_regfile\ASID_WIDTH=s32'00000000000000000000000000000001.$procdff$639754 ($adff): ARST=\rst_ni, D=\sepc_d, Q=\sepc_q
Replacing $paramod\csr_regfile\ASID_WIDTH=s32'00000000000000000000000000000001.$procdff$639749 ($adff): ARST=\rst_ni, D=\sscratch_d, Q=\sscratch_q
Replacing $paramod\csr_regfile\ASID_WIDTH=s32'00000000000000000000000000000001.$procdff$639744 ($adff): ARST=\rst_ni, D=\stvec_d, Q=\stvec_q
Replacing $paramod\csr_regfile\ASID_WIDTH=s32'00000000000000000000000000000001.$procdff$639739 ($adff): ARST=\rst_ni, D=\mtval_d, Q=\mtval_q
Replacing $paramod\csr_regfile\ASID_WIDTH=s32'00000000000000000000000000000001.$procdff$639734 ($adff): ARST=\rst_ni, D=\mcause_d, Q=\mcause_q
Replacing $paramod\csr_regfile\ASID_WIDTH=s32'00000000000000000000000000000001.$procdff$639729 ($adff): ARST=\rst_ni, D=\mepc_d, Q=\mepc_q
Replacing $paramod\csr_regfile\ASID_WIDTH=s32'00000000000000000000000000000001.$procdff$639724 ($adff): ARST=\rst_ni, D=\mscratch_d, Q=\mscratch_q
Replacing $paramod\csr_regfile\ASID_WIDTH=s32'00000000000000000000000000000001.$procdff$639719 ($adff): ARST=\rst_ni, D=\mie_d, Q=\mie_q
Replacing $paramod\csr_regfile\ASID_WIDTH=s32'00000000000000000000000000000001.$procdff$639714 ($adff): ARST=\rst_ni, D={ \mip_d [63:12] \irq_i [0] \mip_d [10:8] \time_irq_i \mip_d [6:4] \ipi_i \mip_d [2:0] }, Q=\mip_q
Replacing $paramod\csr_regfile\ASID_WIDTH=s32'00000000000000000000000000000001.$procdff$639709 ($adff): ARST=\rst_ni, D=\mideleg_d, Q=\mideleg_q
Replacing $paramod\csr_regfile\ASID_WIDTH=s32'00000000000000000000000000000001.$procdff$639704 ($adff): ARST=\rst_ni, D=\medeleg_d, Q=\medeleg_q
Replacing $paramod\csr_regfile\ASID_WIDTH=s32'00000000000000000000000000000001.$procdff$639699 ($adff): ARST=\rst_ni, D=\mtvec_d, Q=\mtvec_q
Replacing $paramod\csr_regfile\ASID_WIDTH=s32'00000000000000000000000000000001.$procdff$639694 ($adff): ARST=\rst_ni, D=\dscratch1_d, Q=\dscratch1_q
Replacing $paramod\csr_regfile\ASID_WIDTH=s32'00000000000000000000000000000001.$procdff$639689 ($adff): ARST=\rst_ni, D=\dscratch0_d, Q=\dscratch0_q
Replacing $paramod\csr_regfile\ASID_WIDTH=s32'00000000000000000000000000000001.$procdff$639684 ($adff): ARST=\rst_ni, D=\dpc_d, Q=\dpc_q
Replacing $paramod\csr_regfile\ASID_WIDTH=s32'00000000000000000000000000000001.$procdff$639679 ($adff): ARST=\rst_ni, D=1'0, Q=\mtvec_rst_load_q
Replacing $paramod\csr_regfile\ASID_WIDTH=s32'00000000000000000000000000000001.$procdff$639674 ($adff): ARST=\rst_ni, D=\dcsr_d, Q=\dcsr_q
Replacing $paramod\csr_regfile\ASID_WIDTH=s32'00000000000000000000000000000001.$procdff$639669 ($adff): ARST=\rst_ni, D=\satp_d, Q=\satp_q
Replacing $paramod\csr_regfile\ASID_WIDTH=s32'00000000000000000000000000000001.$procdff$639664 ($adff): ARST=\rst_ni, D=\debug_mode_d, Q=\debug_mode_q
Replacing $paramod\csr_regfile\ASID_WIDTH=s32'00000000000000000000000000000001.$procdff$639659 ($adff): ARST=\rst_ni, D=\priv_lvl_d, Q=\priv_lvl_q
Replacing $paramod\csr_regfile\ASID_WIDTH=s32'00000000000000000000000000000001.$procdff$639654 ($adff): ARST=\rst_ni, D={ \mstatus_d [63:36] 4'1010 \mstatus_d [31:0] }, Q=\mstatus_q
Replacing $paramod\csr_regfile\ASID_WIDTH=s32'00000000000000000000000000000001.$procdff$639649 ($adff): ARST=\rst_ni, D=\en_ld_st_translation_d, Q=\en_ld_st_translation_q
Replacing $paramod\btb\NR_ENTRIES=s32'00000000000000000000000001000000.$procdff$638100 ($adff): ARST=\rst_ni, D=$0\btb_q[4159:0], Q=\btb_q
Replacing $paramod\bht\NR_ENTRIES=s32'00000000000000000000000010000000.$procdff$638129 ($adff): ARST=\rst_ni, D=$0\bht_q[383:0], Q=\bht_q
Replacing $paramod$ca754853e4d620f2a2f707a66b5a9ac122dc0149\tag_cmp.$procdff$639204 ($adff): ARST=\rst_ni, D=\id_d, Q=\id_q
Replacing $paramod$a657a94d576ec09733cac8489b6219f3f2ad4e8a\fifo_v3.$procdff$639639 ($adff): ARST=\rst_ni, D=$0\status_cnt_q[2:0], Q=\status_cnt_q
Replacing $paramod$a657a94d576ec09733cac8489b6219f3f2ad4e8a\fifo_v3.$procdff$639634 ($adff): ARST=\rst_ni, D=$0\write_pointer_q[1:0], Q=\write_pointer_q
Replacing $paramod$a657a94d576ec09733cac8489b6219f3f2ad4e8a\fifo_v3.$procdff$639629 ($adff): ARST=\rst_ni, D=$0\read_pointer_q[1:0], Q=\read_pointer_q
Replacing $paramod$a657a94d576ec09733cac8489b6219f3f2ad4e8a\fifo_v3.$procdff$639624 ($adff): ARST=\rst_ni, D=$0\mem_q[7:0], Q=\mem_q
Replacing $paramod$a5117095ff1ee419c757355eb84db4b62105adb5\axi_adapter.$procdff$639134 ($adff): ARST=\rst_ni, D=\id_d, Q=\id_q
Replacing $paramod$a5117095ff1ee419c757355eb84db4b62105adb5\axi_adapter.$procdff$639129 ($adff): ARST=\rst_ni, D=\addr_offset_d, Q=\addr_offset_q
Replacing $paramod$a5117095ff1ee419c757355eb84db4b62105adb5\axi_adapter.$procdff$639124 ($adff): ARST=\rst_ni, D=\cache_line_d, Q=\cache_line_q
Replacing $paramod$a5117095ff1ee419c757355eb84db4b62105adb5\axi_adapter.$procdff$639119 ($adff): ARST=\rst_ni, D=\cnt_d, Q=\cnt_q
Replacing $paramod$a5117095ff1ee419c757355eb84db4b62105adb5\axi_adapter.$procdff$639114 ($adff): ARST=\rst_ni, D=\state_d, Q=\state_q
Replacing $paramod$9e575ed78617da6fec8841cb85f2eaf4562c2f2d\cache_ctrl.$procdff$639219 ($adff): ARST=\rst_ni, D=\mem_req_d, Q=\mem_req_q
Replacing $paramod$9e575ed78617da6fec8841cb85f2eaf4562c2f2d\cache_ctrl.$procdff$639214 ($adff): ARST=\rst_ni, D=\hit_way_d, Q=\hit_way_q
Replacing $paramod$9e575ed78617da6fec8841cb85f2eaf4562c2f2d\cache_ctrl.$procdff$639209 ($adff): ARST=\rst_ni, D=\state_d, Q=\state_q
Replacing $paramod$9c0c63ed43046d6572f7ebf6cfdc732464890d7b\mmu.$procdff$638169 ($adff): ARST=\rst_ni, D=\dtlb_is_1G, Q=\dtlb_is_1G_q
Replacing $paramod$9c0c63ed43046d6572f7ebf6cfdc732464890d7b\mmu.$procdff$638164 ($adff): ARST=\rst_ni, D=\dtlb_is_2M, Q=\dtlb_is_2M_q
Replacing $paramod$9c0c63ed43046d6572f7ebf6cfdc732464890d7b\mmu.$procdff$638159 ($adff): ARST=\rst_ni, D=\dtlb_lu_hit, Q=\dtlb_hit_q
Replacing $paramod$9c0c63ed43046d6572f7ebf6cfdc732464890d7b\mmu.$procdff$638154 ($adff): ARST=\rst_ni, D=\lsu_is_store_i, Q=\lsu_is_store_q
Replacing $paramod$9c0c63ed43046d6572f7ebf6cfdc732464890d7b\mmu.$procdff$638149 ($adff): ARST=\rst_ni, D=\lsu_req_i, Q=\lsu_req_q
Replacing $paramod$9c0c63ed43046d6572f7ebf6cfdc732464890d7b\mmu.$procdff$638144 ($adff): ARST=\rst_ni, D={ \misaligned_ex_i [128:1] \misaligned_ex_n [0] }, Q=\misaligned_ex_q
Replacing $paramod$9c0c63ed43046d6572f7ebf6cfdc732464890d7b\mmu.$procdff$638139 ($adff): ARST=\rst_ni, D=\dtlb_content [53:0], Q=\dtlb_pte_q
Replacing $paramod$9c0c63ed43046d6572f7ebf6cfdc732464890d7b\mmu.$procdff$638134 ($adff): ARST=\rst_ni, D=\lsu_vaddr_i, Q=\lsu_vaddr_q
Replacing $paramod$90f4e11c8dd492b4df8aa8601b1d83e376ca7f0f\tlb.$procdff$638324 ($adff): ARST=\rst_ni, D={ \plru_tree_q [29:15] \plru_tree_n [14:0] }, Q=\plru_tree_q
Replacing $paramod$90f4e11c8dd492b4df8aa8601b1d83e376ca7f0f\tlb.$procdff$638319 ($adff): ARST=\rst_ni, D=\content_n, Q=\content_q
Replacing $paramod$90f4e11c8dd492b4df8aa8601b1d83e376ca7f0f\tlb.$procdff$638314 ($adff): ARST=\rst_ni, D=\tags_n, Q=\tags_q
Replacing $paramod$613fc11925f178443709e2b716e978787d96abd4\ariane_regfile.$procdff$638069 ($adff): ARST=\rst_ni, D={ $0\mem[2047:0] [2047:64] 64'0000000000000000000000000000000000000000000000000000000000000000 }, Q=\mem
Replacing $paramod$4b72f0480bde2cd5187e2e599a8eb9d3558f295f\arbiter.$procdff$639109 ($adff): ARST=\rst_ni, D=\req_d, Q=\req_q
Replacing $paramod$4b72f0480bde2cd5187e2e599a8eb9d3558f295f\arbiter.$procdff$639104 ($adff): ARST=\rst_ni, D=\state_d, Q=\state_q
Replacing $paramod$42c4fdaff04d3f780f063b546e1341c10bac0f72\fifo_v3_C28B9_7997C.$procdff$638309 ($adff): ARST=\rst_ni, D=$0\status_cnt_q[3:0], Q=\status_cnt_q
Replacing $paramod$42c4fdaff04d3f780f063b546e1341c10bac0f72\fifo_v3_C28B9_7997C.$procdff$638304 ($adff): ARST=\rst_ni, D=$0\write_pointer_q[2:0], Q=\write_pointer_q
Replacing $paramod$42c4fdaff04d3f780f063b546e1341c10bac0f72\fifo_v3_C28B9_7997C.$procdff$638299 ($adff): ARST=\rst_ni, D=$0\read_pointer_q[2:0], Q=\read_pointer_q
Replacing $paramod$42c4fdaff04d3f780f063b546e1341c10bac0f72\fifo_v3_C28B9_7997C.$procdff$638294 ($adff): ARST=\rst_ni, D=$0\mem_q[1335:0], Q=\mem_q
Replacing $paramod$4244dd65be73f5d0f86e712b491114f006fd139c\fifo_v3_24DF1.$procdff$638289 ($adff): ARST=\rst_ni, D=$0\status_cnt_q[1:0], Q=\status_cnt_q
Replacing $paramod$4244dd65be73f5d0f86e712b491114f006fd139c\fifo_v3_24DF1.$procdff$638284 ($adff): ARST=\rst_ni, D=$0\write_pointer_q[0:0], Q=\write_pointer_q
Replacing $paramod$4244dd65be73f5d0f86e712b491114f006fd139c\fifo_v3_24DF1.$procdff$638279 ($adff): ARST=\rst_ni, D=$0\read_pointer_q[0:0], Q=\read_pointer_q
Replacing $paramod$4244dd65be73f5d0f86e712b491114f006fd139c\fifo_v3_24DF1.$procdff$638274 ($adff): ARST=\rst_ni, D=$0\mem_q[133:0], Q=\mem_q
Replacing $paramod$2dbef291f4f7a4bf4f8bb24ecdc50abe3d1cb4ad\rrarbiter.$procdff$639529 ($adff): ARST=\rst_ni, D=$0\lock_q[0:0], Q=\lock_q
Replacing $paramod$2dbef291f4f7a4bf4f8bb24ecdc50abe3d1cb4ad\rrarbiter.$procdff$639524 ($adff): ARST=\rst_ni, D=$0\arb_sel_lock_q[1:0], Q=\arb_sel_lock_q
Replacing $paramod$2dbef291f4f7a4bf4f8bb24ecdc50abe3d1cb4ad\rrarbiter.$procdff$639519 ($adff): ARST=\rst_ni, D=$0\arb_sel_q[1:0], Q=\arb_sel_q
Replacing $paramod$13b2228d62069a441061df7e83a17f0547060356\scoreboard.$procdff$638064 ($adff): ARST=\rst_ni, D=\commit_pointer_n, Q=\commit_pointer_q
Replacing $paramod$13b2228d62069a441061df7e83a17f0547060356\scoreboard.$procdff$638059 ($adff): ARST=\rst_ni, D=\issue_pointer_n, Q=\issue_pointer_q
Replacing $paramod$13b2228d62069a441061df7e83a17f0547060356\scoreboard.$procdff$638054 ($adff): ARST=\rst_ni, D=\issue_cnt_n, Q=\issue_cnt_q
Replacing $paramod$13b2228d62069a441061df7e83a17f0547060356\scoreboard.$procdff$638049 ($adff): ARST=\rst_ni, D=\mem_n, Q=\mem_q
Replacing $paramod$0087faf7dbb20daeffd5024bd6977f40d8cb9d52\axi_adapter.$procdff$639159 ($adff): ARST=\rst_ni, D=\id_d, Q=\id_q
Replacing $paramod$0087faf7dbb20daeffd5024bd6977f40d8cb9d52\axi_adapter.$procdff$639154 ($adff): ARST=\rst_ni, D=\addr_offset_d, Q=\addr_offset_q
Replacing $paramod$0087faf7dbb20daeffd5024bd6977f40d8cb9d52\axi_adapter.$procdff$639149 ($adff): ARST=\rst_ni, D=\cache_line_d, Q=\cache_line_q
Replacing $paramod$0087faf7dbb20daeffd5024bd6977f40d8cb9d52\axi_adapter.$procdff$639144 ($adff): ARST=\rst_ni, D=\cnt_d, Q=\cnt_q
Replacing $paramod$0087faf7dbb20daeffd5024bd6977f40d8cb9d52\axi_adapter.$procdff$639139 ($adff): ARST=\rst_ni, D=\state_d, Q=\state_q

6. Executing OPT_CLEAN pass (remove unused cells and wires).
Finding unused cells or wires in module \store_unit..
Finding unused cells or wires in module \store_buffer..
Finding unused cells or wires in module \std_icache..
Finding unused cells or wires in module \re_name..
Finding unused cells or wires in module \perf_counters..
Finding unused cells or wires in module \multiplier..
Finding unused cells or wires in module \mult..
Finding unused cells or wires in module \lsu_bypass..
Finding unused cells or wires in module \load_unit..
Finding unused cells or wires in module \load_store_unit..
Finding unused cells or wires in module \issue_read_operands..
Finding unused cells or wires in module \instr_scan..
Finding unused cells or wires in module \instr_realigner..
Finding unused cells or wires in module \id_stage..
Finding unused cells or wires in module \frontend..
Finding unused cells or wires in module \formal_top..
Finding unused cells or wires in module \ex_stage..
Finding unused cells or wires in module \decoder..
Finding unused cells or wires in module \csr_buffer..
Finding unused cells or wires in module \controller..
Finding unused cells or wires in module \compressed_decoder..
Finding unused cells or wires in module \commit_stage..
Finding unused cells or wires in module \branch_unit..
Finding unused cells or wires in module \amo_buffer..
Finding unused cells or wires in module \amo_alu..
Finding unused cells or wires in module \alu..
Finding unused cells or wires in module $paramod\stream_demux\N_OUP=s32'00000000000000000000000000000011..
Finding unused cells or wires in module $paramod\serdiv\WIDTH=s32'00000000000000000000000001000000..
Finding unused cells or wires in module $paramod\ras\DEPTH=s32'00000000000000000000000000000010..
Finding unused cells or wires in module $paramod\ptw\ASID_WIDTH=32'00000000000000000000000000000001..
Finding unused cells or wires in module $paramod\pipe_reg_simple_218FF\Depth=s32'00000000000000000000000000000001..
Finding unused cells or wires in module $paramod\pipe_reg_simple_218FF\Depth=s32'00000000000000000000000000000000..
Finding unused cells or wires in module $paramod\miss_handler\NR_PORTS=s32'00000000000000000000000000000011..
Finding unused cells or wires in module $paramod\lzc\WIDTH=32'00000000000000000000000000000100..
Finding unused cells or wires in module $paramod\lzc\WIDTH=32'00000000000000000000000000000011..
Finding unused cells or wires in module $paramod\lfsr_8bit\WIDTH=32'00000000000000000000000000001000..
Finding unused cells or wires in module $paramod\lfsr_8bit\WIDTH=32'00000000000000000000000000000100..
Finding unused cells or wires in module $paramod\csr_regfile\ASID_WIDTH=s32'00000000000000000000000000000001..
Finding unused cells or wires in module $paramod\btb\NR_ENTRIES=s32'00000000000000000000000001000000..
Finding unused cells or wires in module $paramod\bht\NR_ENTRIES=s32'00000000000000000000000010000000..
Finding unused cells or wires in module $paramod$f08d79c7114b8c37632a2507c52bfd0e5cce1e4d\ariane..
Finding unused cells or wires in module $paramod$e16d115b74caf79752ccaf4f7620bf2218c9fec7\fifo_v2_EC778..
Finding unused cells or wires in module $paramod$cd11366fa6a550b17f477f710d44646261dcfb3a\stream_arbiter_EF48E_89DDB..
Finding unused cells or wires in module $paramod$cd11366fa6a550b17f477f710d44646261dcfb3a\stream_arbiter_3F5EB_FC9E1..
Finding unused cells or wires in module $paramod$caab21b6a99e701011d7548cc7680ab5e1c4d3c4\issue_stage..
Finding unused cells or wires in module $paramod$ca754853e4d620f2a2f707a66b5a9ac122dc0149\tag_cmp..
Finding unused cells or wires in module $paramod$c9c40f3f133cad0f616b05e13f3266ff7eda8dc2\sram..
Finding unused cells or wires in module $paramod$aa55f9af6ce1f84b3887d6ad5b52129f1b7ec34c\sram..
Finding unused cells or wires in module $paramod$a657a94d576ec09733cac8489b6219f3f2ad4e8a\fifo_v3..
Finding unused cells or wires in module $paramod$a5117095ff1ee419c757355eb84db4b62105adb5\axi_adapter..
Finding unused cells or wires in module $paramod$9e575ed78617da6fec8841cb85f2eaf4562c2f2d\std_nbdcache..
Finding unused cells or wires in module $paramod$9e575ed78617da6fec8841cb85f2eaf4562c2f2d\std_cache_subsystem..
Finding unused cells or wires in module $paramod$9e575ed78617da6fec8841cb85f2eaf4562c2f2d\cache_ctrl..
Finding unused cells or wires in module $paramod$9c0c63ed43046d6572f7ebf6cfdc732464890d7b\mmu..
Finding unused cells or wires in module $paramod$90f4e11c8dd492b4df8aa8601b1d83e376ca7f0f\tlb..
Finding unused cells or wires in module $paramod$791314ac53c16e44147e59c81d28e65bd22d89b0\fifo_v2_925B0_BA4DE..
Finding unused cells or wires in module $paramod$72ae4ab7e88a54b56c2ab35ef6af8a4e99494ff7\sram..
Finding unused cells or wires in module $paramod$613fc11925f178443709e2b716e978787d96abd4\ariane_regfile..
Finding unused cells or wires in module $paramod$55faef8494cf4fd43605273b93860932dfc9b5b3\sram..
Finding unused cells or wires in module $paramod$504e88aa67f1fdef38046a998000f6cfbfe75a90\sram..
Finding unused cells or wires in module $paramod$4b72f0480bde2cd5187e2e599a8eb9d3558f295f\arbiter..
Finding unused cells or wires in module $paramod$42c4fdaff04d3f780f063b546e1341c10bac0f72\fifo_v3_C28B9_7997C..
Finding unused cells or wires in module $paramod$4244dd65be73f5d0f86e712b491114f006fd139c\fifo_v3_24DF1..
Finding unused cells or wires in module $paramod$37bde13909691f19bb4f6e6611d46ddaa6bf1ab9\SyncSpRamBeNx64..
Finding unused cells or wires in module $paramod$2dbef291f4f7a4bf4f8bb24ecdc50abe3d1cb4ad\rrarbiter..
Finding unused cells or wires in module $paramod$197edbfa67592557bbfcb097767a2865a48e3d18\lzc..
Finding unused cells or wires in module $paramod$13b2228d62069a441061df7e83a17f0547060356\scoreboard..
Finding unused cells or wires in module $paramod$0ee8e225e3f652345efbf90b3d2d133cb3cf9bd8\stream_mux_E5853_401C6..
Finding unused cells or wires in module $paramod$0668ee795243bc5dbebaf619f834399661eabe17\SyncSpRamBeNx64..
Finding unused cells or wires in module $paramod$0087faf7dbb20daeffd5024bd6977f40d8cb9d52\axi_adapter..
Removed 3 unused cells and 6 unused wires.
<suppressed ~5 debug messages>

7. Executing FORMALFF pass.

8. Executing OPT_CLEAN pass (remove unused cells and wires).
Finding unused cells or wires in module $paramod$0087faf7dbb20daeffd5024bd6977f40d8cb9d52\axi_adapter..
Finding unused cells or wires in module $paramod$0668ee795243bc5dbebaf619f834399661eabe17\SyncSpRamBeNx64..
Finding unused cells or wires in module $paramod$0ee8e225e3f652345efbf90b3d2d133cb3cf9bd8\stream_mux_E5853_401C6..
Finding unused cells or wires in module $paramod$13b2228d62069a441061df7e83a17f0547060356\scoreboard..
Finding unused cells or wires in module $paramod$197edbfa67592557bbfcb097767a2865a48e3d18\lzc..
Finding unused cells or wires in module $paramod$2dbef291f4f7a4bf4f8bb24ecdc50abe3d1cb4ad\rrarbiter..
Finding unused cells or wires in module $paramod$37bde13909691f19bb4f6e6611d46ddaa6bf1ab9\SyncSpRamBeNx64..
Finding unused cells or wires in module $paramod$4244dd65be73f5d0f86e712b491114f006fd139c\fifo_v3_24DF1..
Finding unused cells or wires in module $paramod$42c4fdaff04d3f780f063b546e1341c10bac0f72\fifo_v3_C28B9_7997C..
Finding unused cells or wires in module $paramod$4b72f0480bde2cd5187e2e599a8eb9d3558f295f\arbiter..
Finding unused cells or wires in module $paramod$504e88aa67f1fdef38046a998000f6cfbfe75a90\sram..
Finding unused cells or wires in module $paramod$55faef8494cf4fd43605273b93860932dfc9b5b3\sram..
Finding unused cells or wires in module $paramod$613fc11925f178443709e2b716e978787d96abd4\ariane_regfile..
Finding unused cells or wires in module $paramod$72ae4ab7e88a54b56c2ab35ef6af8a4e99494ff7\sram..
Finding unused cells or wires in module $paramod$791314ac53c16e44147e59c81d28e65bd22d89b0\fifo_v2_925B0_BA4DE..
Finding unused cells or wires in module $paramod$90f4e11c8dd492b4df8aa8601b1d83e376ca7f0f\tlb..
Finding unused cells or wires in module $paramod$9c0c63ed43046d6572f7ebf6cfdc732464890d7b\mmu..
Finding unused cells or wires in module $paramod$9e575ed78617da6fec8841cb85f2eaf4562c2f2d\cache_ctrl..
Finding unused cells or wires in module $paramod$9e575ed78617da6fec8841cb85f2eaf4562c2f2d\std_cache_subsystem..
Finding unused cells or wires in module $paramod$9e575ed78617da6fec8841cb85f2eaf4562c2f2d\std_nbdcache..
Finding unused cells or wires in module $paramod$a5117095ff1ee419c757355eb84db4b62105adb5\axi_adapter..
Finding unused cells or wires in module $paramod$a657a94d576ec09733cac8489b6219f3f2ad4e8a\fifo_v3..
Finding unused cells or wires in module $paramod$aa55f9af6ce1f84b3887d6ad5b52129f1b7ec34c\sram..
Finding unused cells or wires in module $paramod$c9c40f3f133cad0f616b05e13f3266ff7eda8dc2\sram..
Finding unused cells or wires in module $paramod$ca754853e4d620f2a2f707a66b5a9ac122dc0149\tag_cmp..
Finding unused cells or wires in module $paramod$caab21b6a99e701011d7548cc7680ab5e1c4d3c4\issue_stage..
Finding unused cells or wires in module $paramod$cd11366fa6a550b17f477f710d44646261dcfb3a\stream_arbiter_3F5EB_FC9E1..
Finding unused cells or wires in module $paramod$cd11366fa6a550b17f477f710d44646261dcfb3a\stream_arbiter_EF48E_89DDB..
Finding unused cells or wires in module $paramod$e16d115b74caf79752ccaf4f7620bf2218c9fec7\fifo_v2_EC778..
Finding unused cells or wires in module $paramod$f08d79c7114b8c37632a2507c52bfd0e5cce1e4d\ariane..
Finding unused cells or wires in module $paramod\bht\NR_ENTRIES=s32'00000000000000000000000010000000..
Finding unused cells or wires in module $paramod\btb\NR_ENTRIES=s32'00000000000000000000000001000000..
Finding unused cells or wires in module $paramod\csr_regfile\ASID_WIDTH=s32'00000000000000000000000000000001..
Finding unused cells or wires in module $paramod\lfsr_8bit\WIDTH=32'00000000000000000000000000000100..
Finding unused cells or wires in module $paramod\lfsr_8bit\WIDTH=32'00000000000000000000000000001000..
Finding unused cells or wires in module $paramod\lzc\WIDTH=32'00000000000000000000000000000011..
Finding unused cells or wires in module $paramod\lzc\WIDTH=32'00000000000000000000000000000100..
Finding unused cells or wires in module $paramod\miss_handler\NR_PORTS=s32'00000000000000000000000000000011..
Finding unused cells or wires in module $paramod\pipe_reg_simple_218FF\Depth=s32'00000000000000000000000000000000..
Finding unused cells or wires in module $paramod\pipe_reg_simple_218FF\Depth=s32'00000000000000000000000000000001..
Finding unused cells or wires in module $paramod\ptw\ASID_WIDTH=32'00000000000000000000000000000001..
Finding unused cells or wires in module $paramod\ras\DEPTH=s32'00000000000000000000000000000010..
Finding unused cells or wires in module $paramod\serdiv\WIDTH=s32'00000000000000000000000001000000..
Finding unused cells or wires in module $paramod\stream_demux\N_OUP=s32'00000000000000000000000000000011..
Finding unused cells or wires in module \alu..
Finding unused cells or wires in module \amo_alu..
Finding unused cells or wires in module \amo_buffer..
Finding unused cells or wires in module \branch_unit..
Finding unused cells or wires in module \commit_stage..
Finding unused cells or wires in module \compressed_decoder..
Finding unused cells or wires in module \controller..
Finding unused cells or wires in module \csr_buffer..
Finding unused cells or wires in module \decoder..
Finding unused cells or wires in module \ex_stage..
Finding unused cells or wires in module \formal_top..
Finding unused cells or wires in module \frontend..
Finding unused cells or wires in module \id_stage..
Finding unused cells or wires in module \instr_realigner..
Finding unused cells or wires in module \instr_scan..
Finding unused cells or wires in module \issue_read_operands..
Finding unused cells or wires in module \load_store_unit..
Finding unused cells or wires in module \load_unit..
Finding unused cells or wires in module \lsu_bypass..
Finding unused cells or wires in module \mult..
Finding unused cells or wires in module \multiplier..
Finding unused cells or wires in module \perf_counters..
Finding unused cells or wires in module \re_name..
Finding unused cells or wires in module \std_icache..
Finding unused cells or wires in module \store_buffer..
Finding unused cells or wires in module \store_unit..
Removed 40 unused cells and 40 unused wires.
<suppressed ~80 debug messages>

9. Executing CHECK pass (checking for obvious problems).
Checking module $paramod$0087faf7dbb20daeffd5024bd6977f40d8cb9d52\axi_adapter...
Checking module $paramod$0668ee795243bc5dbebaf619f834399661eabe17\SyncSpRamBeNx64...
Checking module $paramod$0ee8e225e3f652345efbf90b3d2d133cb3cf9bd8\stream_mux_E5853_401C6...
Checking module $paramod$13b2228d62069a441061df7e83a17f0547060356\scoreboard...
Checking module $paramod$197edbfa67592557bbfcb097767a2865a48e3d18\lzc...
Checking module $paramod$2dbef291f4f7a4bf4f8bb24ecdc50abe3d1cb4ad\rrarbiter...
Checking module $paramod$37bde13909691f19bb4f6e6611d46ddaa6bf1ab9\SyncSpRamBeNx64...
Checking module $paramod$4244dd65be73f5d0f86e712b491114f006fd139c\fifo_v3_24DF1...
Checking module $paramod$42c4fdaff04d3f780f063b546e1341c10bac0f72\fifo_v3_C28B9_7997C...
Checking module $paramod$4b72f0480bde2cd5187e2e599a8eb9d3558f295f\arbiter...
Checking module $paramod$504e88aa67f1fdef38046a998000f6cfbfe75a90\sram...
Checking module $paramod$55faef8494cf4fd43605273b93860932dfc9b5b3\sram...
Checking module $paramod$613fc11925f178443709e2b716e978787d96abd4\ariane_regfile...
Checking module $paramod$72ae4ab7e88a54b56c2ab35ef6af8a4e99494ff7\sram...
Checking module $paramod$791314ac53c16e44147e59c81d28e65bd22d89b0\fifo_v2_925B0_BA4DE...
Checking module $paramod$90f4e11c8dd492b4df8aa8601b1d83e376ca7f0f\tlb...
Checking module $paramod$9c0c63ed43046d6572f7ebf6cfdc732464890d7b\mmu...
Checking module $paramod$9e575ed78617da6fec8841cb85f2eaf4562c2f2d\cache_ctrl...
Checking module $paramod$9e575ed78617da6fec8841cb85f2eaf4562c2f2d\std_cache_subsystem...
Checking module $paramod$9e575ed78617da6fec8841cb85f2eaf4562c2f2d\std_nbdcache...
Warning: Wire $paramod$9e575ed78617da6fec8841cb85f2eaf4562c2f2d\std_nbdcache.\dirty_wdata [63] is used but has no driver.
Warning: Wire $paramod$9e575ed78617da6fec8841cb85f2eaf4562c2f2d\std_nbdcache.\dirty_wdata [62] is used but has no driver.
Warning: Wire $paramod$9e575ed78617da6fec8841cb85f2eaf4562c2f2d\std_nbdcache.\dirty_wdata [61] is used but has no driver.
Warning: Wire $paramod$9e575ed78617da6fec8841cb85f2eaf4562c2f2d\std_nbdcache.\dirty_wdata [60] is used but has no driver.
Warning: Wire $paramod$9e575ed78617da6fec8841cb85f2eaf4562c2f2d\std_nbdcache.\dirty_wdata [59] is used but has no driver.
Warning: Wire $paramod$9e575ed78617da6fec8841cb85f2eaf4562c2f2d\std_nbdcache.\dirty_wdata [58] is used but has no driver.
Warning: Wire $paramod$9e575ed78617da6fec8841cb85f2eaf4562c2f2d\std_nbdcache.\dirty_wdata [55] is used but has no driver.
Warning: Wire $paramod$9e575ed78617da6fec8841cb85f2eaf4562c2f2d\std_nbdcache.\dirty_wdata [54] is used but has no driver.
Warning: Wire $paramod$9e575ed78617da6fec8841cb85f2eaf4562c2f2d\std_nbdcache.\dirty_wdata [53] is used but has no driver.
Warning: Wire $paramod$9e575ed78617da6fec8841cb85f2eaf4562c2f2d\std_nbdcache.\dirty_wdata [52] is used but has no driver.
Warning: Wire $paramod$9e575ed78617da6fec8841cb85f2eaf4562c2f2d\std_nbdcache.\dirty_wdata [51] is used but has no driver.
Warning: Wire $paramod$9e575ed78617da6fec8841cb85f2eaf4562c2f2d\std_nbdcache.\dirty_wdata [50] is used but has no driver.
Warning: Wire $paramod$9e575ed78617da6fec8841cb85f2eaf4562c2f2d\std_nbdcache.\dirty_wdata [47] is used but has no driver.
Warning: Wire $paramod$9e575ed78617da6fec8841cb85f2eaf4562c2f2d\std_nbdcache.\dirty_wdata [46] is used but has no driver.
Warning: Wire $paramod$9e575ed78617da6fec8841cb85f2eaf4562c2f2d\std_nbdcache.\dirty_wdata [45] is used but has no driver.
Warning: Wire $paramod$9e575ed78617da6fec8841cb85f2eaf4562c2f2d\std_nbdcache.\dirty_wdata [44] is used but has no driver.
Warning: Wire $paramod$9e575ed78617da6fec8841cb85f2eaf4562c2f2d\std_nbdcache.\dirty_wdata [43] is used but has no driver.
Warning: Wire $paramod$9e575ed78617da6fec8841cb85f2eaf4562c2f2d\std_nbdcache.\dirty_wdata [42] is used but has no driver.
Warning: Wire $paramod$9e575ed78617da6fec8841cb85f2eaf4562c2f2d\std_nbdcache.\dirty_wdata [39] is used but has no driver.
Warning: Wire $paramod$9e575ed78617da6fec8841cb85f2eaf4562c2f2d\std_nbdcache.\dirty_wdata [38] is used but has no driver.
Warning: Wire $paramod$9e575ed78617da6fec8841cb85f2eaf4562c2f2d\std_nbdcache.\dirty_wdata [37] is used but has no driver.
Warning: Wire $paramod$9e575ed78617da6fec8841cb85f2eaf4562c2f2d\std_nbdcache.\dirty_wdata [36] is used but has no driver.
Warning: Wire $paramod$9e575ed78617da6fec8841cb85f2eaf4562c2f2d\std_nbdcache.\dirty_wdata [35] is used but has no driver.
Warning: Wire $paramod$9e575ed78617da6fec8841cb85f2eaf4562c2f2d\std_nbdcache.\dirty_wdata [34] is used but has no driver.
Warning: Wire $paramod$9e575ed78617da6fec8841cb85f2eaf4562c2f2d\std_nbdcache.\dirty_wdata [31] is used but has no driver.
Warning: Wire $paramod$9e575ed78617da6fec8841cb85f2eaf4562c2f2d\std_nbdcache.\dirty_wdata [30] is used but has no driver.
Warning: Wire $paramod$9e575ed78617da6fec8841cb85f2eaf4562c2f2d\std_nbdcache.\dirty_wdata [29] is used but has no driver.
Warning: Wire $paramod$9e575ed78617da6fec8841cb85f2eaf4562c2f2d\std_nbdcache.\dirty_wdata [28] is used but has no driver.
Warning: Wire $paramod$9e575ed78617da6fec8841cb85f2eaf4562c2f2d\std_nbdcache.\dirty_wdata [27] is used but has no driver.
Warning: Wire $paramod$9e575ed78617da6fec8841cb85f2eaf4562c2f2d\std_nbdcache.\dirty_wdata [26] is used but has no driver.
Warning: Wire $paramod$9e575ed78617da6fec8841cb85f2eaf4562c2f2d\std_nbdcache.\dirty_wdata [23] is used but has no driver.
Warning: Wire $paramod$9e575ed78617da6fec8841cb85f2eaf4562c2f2d\std_nbdcache.\dirty_wdata [22] is used but has no driver.
Warning: Wire $paramod$9e575ed78617da6fec8841cb85f2eaf4562c2f2d\std_nbdcache.\dirty_wdata [21] is used but has no driver.
Warning: Wire $paramod$9e575ed78617da6fec8841cb85f2eaf4562c2f2d\std_nbdcache.\dirty_wdata [20] is used but has no driver.
Warning: Wire $paramod$9e575ed78617da6fec8841cb85f2eaf4562c2f2d\std_nbdcache.\dirty_wdata [19] is used but has no driver.
Warning: Wire $paramod$9e575ed78617da6fec8841cb85f2eaf4562c2f2d\std_nbdcache.\dirty_wdata [18] is used but has no driver.
Warning: Wire $paramod$9e575ed78617da6fec8841cb85f2eaf4562c2f2d\std_nbdcache.\dirty_wdata [15] is used but has no driver.
Warning: Wire $paramod$9e575ed78617da6fec8841cb85f2eaf4562c2f2d\std_nbdcache.\dirty_wdata [14] is used but has no driver.
Warning: Wire $paramod$9e575ed78617da6fec8841cb85f2eaf4562c2f2d\std_nbdcache.\dirty_wdata [13] is used but has no driver.
Warning: Wire $paramod$9e575ed78617da6fec8841cb85f2eaf4562c2f2d\std_nbdcache.\dirty_wdata [12] is used but has no driver.
Warning: Wire $paramod$9e575ed78617da6fec8841cb85f2eaf4562c2f2d\std_nbdcache.\dirty_wdata [11] is used but has no driver.
Warning: Wire $paramod$9e575ed78617da6fec8841cb85f2eaf4562c2f2d\std_nbdcache.\dirty_wdata [10] is used but has no driver.
Warning: Wire $paramod$9e575ed78617da6fec8841cb85f2eaf4562c2f2d\std_nbdcache.\dirty_wdata [7] is used but has no driver.
Warning: Wire $paramod$9e575ed78617da6fec8841cb85f2eaf4562c2f2d\std_nbdcache.\dirty_wdata [6] is used but has no driver.
Warning: Wire $paramod$9e575ed78617da6fec8841cb85f2eaf4562c2f2d\std_nbdcache.\dirty_wdata [5] is used but has no driver.
Warning: Wire $paramod$9e575ed78617da6fec8841cb85f2eaf4562c2f2d\std_nbdcache.\dirty_wdata [4] is used but has no driver.
Warning: Wire $paramod$9e575ed78617da6fec8841cb85f2eaf4562c2f2d\std_nbdcache.\dirty_wdata [3] is used but has no driver.
Warning: Wire $paramod$9e575ed78617da6fec8841cb85f2eaf4562c2f2d\std_nbdcache.\dirty_wdata [2] is used but has no driver.
Checking module $paramod$a5117095ff1ee419c757355eb84db4b62105adb5\axi_adapter...
Checking module $paramod$a657a94d576ec09733cac8489b6219f3f2ad4e8a\fifo_v3...
Checking module $paramod$aa55f9af6ce1f84b3887d6ad5b52129f1b7ec34c\sram...
Checking module $paramod$c9c40f3f133cad0f616b05e13f3266ff7eda8dc2\sram...
Checking module $paramod$ca754853e4d620f2a2f707a66b5a9ac122dc0149\tag_cmp...
Checking module $paramod$caab21b6a99e701011d7548cc7680ab5e1c4d3c4\issue_stage...
Checking module $paramod$cd11366fa6a550b17f477f710d44646261dcfb3a\stream_arbiter_3F5EB_FC9E1...
Checking module $paramod$cd11366fa6a550b17f477f710d44646261dcfb3a\stream_arbiter_EF48E_89DDB...
Checking module $paramod$e16d115b74caf79752ccaf4f7620bf2218c9fec7\fifo_v2_EC778...
Checking module $paramod$f08d79c7114b8c37632a2507c52bfd0e5cce1e4d\ariane...
Checking module $paramod\bht\NR_ENTRIES=s32'00000000000000000000000010000000...
Checking module $paramod\btb\NR_ENTRIES=s32'00000000000000000000000001000000...
Checking module $paramod\csr_regfile\ASID_WIDTH=s32'00000000000000000000000000000001...
Checking module $paramod\lfsr_8bit\WIDTH=32'00000000000000000000000000000100...
Checking module $paramod\lfsr_8bit\WIDTH=32'00000000000000000000000000001000...
Checking module $paramod\lzc\WIDTH=32'00000000000000000000000000000011...
Checking module $paramod\lzc\WIDTH=32'00000000000000000000000000000100...
Checking module $paramod\miss_handler\NR_PORTS=s32'00000000000000000000000000000011...
Checking module $paramod\pipe_reg_simple_218FF\Depth=s32'00000000000000000000000000000000...
Checking module $paramod\pipe_reg_simple_218FF\Depth=s32'00000000000000000000000000000001...
Checking module $paramod\ptw\ASID_WIDTH=32'00000000000000000000000000000001...
Checking module $paramod\ras\DEPTH=s32'00000000000000000000000000000010...
Checking module $paramod\serdiv\WIDTH=s32'00000000000000000000000001000000...
Checking module $paramod\stream_demux\N_OUP=s32'00000000000000000000000000000011...
Checking module alu...
Checking module amo_alu...
Checking module amo_buffer...
Checking module branch_unit...
Checking module commit_stage...
Checking module compressed_decoder...
Checking module controller...
Checking module csr_buffer...
Checking module decoder...
Checking module ex_stage...
Checking module formal_top...
Warning: Wire formal_top.\dut.umode_i is used but has no driver.
Warning: Wire formal_top.\dut.time_irq_i is used but has no driver.
Warning: Wire formal_top.\dut.rst_ni is used but has no driver.
Warning: Wire formal_top.\dut.irq_i [1] is used but has no driver.
Warning: Wire formal_top.\dut.irq_i [0] is used but has no driver.
Warning: Wire formal_top.\dut.ipi_i is used but has no driver.
Warning: Wire formal_top.\dut.hart_id_i [63] is used but has no driver.
Warning: Wire formal_top.\dut.hart_id_i [62] is used but has no driver.
Warning: Wire formal_top.\dut.hart_id_i [61] is used but has no driver.
Warning: Wire formal_top.\dut.hart_id_i [60] is used but has no driver.
Warning: Wire formal_top.\dut.hart_id_i [59] is used but has no driver.
Warning: Wire formal_top.\dut.hart_id_i [58] is used but has no driver.
Warning: Wire formal_top.\dut.hart_id_i [57] is used but has no driver.
Warning: Wire formal_top.\dut.hart_id_i [56] is used but has no driver.
Warning: Wire formal_top.\dut.hart_id_i [55] is used but has no driver.
Warning: Wire formal_top.\dut.hart_id_i [54] is used but has no driver.
Warning: Wire formal_top.\dut.hart_id_i [53] is used but has no driver.
Warning: Wire formal_top.\dut.hart_id_i [52] is used but has no driver.
Warning: Wire formal_top.\dut.hart_id_i [51] is used but has no driver.
Warning: Wire formal_top.\dut.hart_id_i [50] is used but has no driver.
Warning: Wire formal_top.\dut.hart_id_i [49] is used but has no driver.
Warning: Wire formal_top.\dut.hart_id_i [48] is used but has no driver.
Warning: Wire formal_top.\dut.hart_id_i [47] is used but has no driver.
Warning: Wire formal_top.\dut.hart_id_i [46] is used but has no driver.
Warning: Wire formal_top.\dut.hart_id_i [45] is used but has no driver.
Warning: Wire formal_top.\dut.hart_id_i [44] is used but has no driver.
Warning: Wire formal_top.\dut.hart_id_i [43] is used but has no driver.
Warning: Wire formal_top.\dut.hart_id_i [42] is used but has no driver.
Warning: Wire formal_top.\dut.hart_id_i [41] is used but has no driver.
Warning: Wire formal_top.\dut.hart_id_i [40] is used but has no driver.
Warning: Wire formal_top.\dut.hart_id_i [39] is used but has no driver.
Warning: Wire formal_top.\dut.hart_id_i [38] is used but has no driver.
Warning: Wire formal_top.\dut.hart_id_i [37] is used but has no driver.
Warning: Wire formal_top.\dut.hart_id_i [36] is used but has no driver.
Warning: Wire formal_top.\dut.hart_id_i [35] is used but has no driver.
Warning: Wire formal_top.\dut.hart_id_i [34] is used but has no driver.
Warning: Wire formal_top.\dut.hart_id_i [33] is used but has no driver.
Warning: Wire formal_top.\dut.hart_id_i [32] is used but has no driver.
Warning: Wire formal_top.\dut.hart_id_i [31] is used but has no driver.
Warning: Wire formal_top.\dut.hart_id_i [30] is used but has no driver.
Warning: Wire formal_top.\dut.hart_id_i [29] is used but has no driver.
Warning: Wire formal_top.\dut.hart_id_i [28] is used but has no driver.
Warning: Wire formal_top.\dut.hart_id_i [27] is used but has no driver.
Warning: Wire formal_top.\dut.hart_id_i [26] is used but has no driver.
Warning: Wire formal_top.\dut.hart_id_i [25] is used but has no driver.
Warning: Wire formal_top.\dut.hart_id_i [24] is used but has no driver.
Warning: Wire formal_top.\dut.hart_id_i [23] is used but has no driver.
Warning: Wire formal_top.\dut.hart_id_i [22] is used but has no driver.
Warning: Wire formal_top.\dut.hart_id_i [21] is used but has no driver.
Warning: Wire formal_top.\dut.hart_id_i [20] is used but has no driver.
Warning: Wire formal_top.\dut.hart_id_i [19] is used but has no driver.
Warning: Wire formal_top.\dut.hart_id_i [18] is used but has no driver.
Warning: Wire formal_top.\dut.hart_id_i [17] is used but has no driver.
Warning: Wire formal_top.\dut.hart_id_i [16] is used but has no driver.
Warning: Wire formal_top.\dut.hart_id_i [15] is used but has no driver.
Warning: Wire formal_top.\dut.hart_id_i [14] is used but has no driver.
Warning: Wire formal_top.\dut.hart_id_i [13] is used but has no driver.
Warning: Wire formal_top.\dut.hart_id_i [12] is used but has no driver.
Warning: Wire formal_top.\dut.hart_id_i [11] is used but has no driver.
Warning: Wire formal_top.\dut.hart_id_i [10] is used but has no driver.
Warning: Wire formal_top.\dut.hart_id_i [9] is used but has no driver.
Warning: Wire formal_top.\dut.hart_id_i [8] is used but has no driver.
Warning: Wire formal_top.\dut.hart_id_i [7] is used but has no driver.
Warning: Wire formal_top.\dut.hart_id_i [6] is used but has no driver.
Warning: Wire formal_top.\dut.hart_id_i [5] is used but has no driver.
Warning: Wire formal_top.\dut.hart_id_i [4] is used but has no driver.
Warning: Wire formal_top.\dut.hart_id_i [3] is used but has no driver.
Warning: Wire formal_top.\dut.hart_id_i [2] is used but has no driver.
Warning: Wire formal_top.\dut.hart_id_i [1] is used but has no driver.
Warning: Wire formal_top.\dut.hart_id_i [0] is used but has no driver.
Warning: Wire formal_top.\dut.debug_req_i is used but has no driver.
Warning: Wire formal_top.\dut.clk_i is used but has no driver.
Warning: Wire formal_top.\dut.boot_addr_i [63] is used but has no driver.
Warning: Wire formal_top.\dut.boot_addr_i [62] is used but has no driver.
Warning: Wire formal_top.\dut.boot_addr_i [61] is used but has no driver.
Warning: Wire formal_top.\dut.boot_addr_i [60] is used but has no driver.
Warning: Wire formal_top.\dut.boot_addr_i [59] is used but has no driver.
Warning: Wire formal_top.\dut.boot_addr_i [58] is used but has no driver.
Warning: Wire formal_top.\dut.boot_addr_i [57] is used but has no driver.
Warning: Wire formal_top.\dut.boot_addr_i [56] is used but has no driver.
Warning: Wire formal_top.\dut.boot_addr_i [55] is used but has no driver.
Warning: Wire formal_top.\dut.boot_addr_i [54] is used but has no driver.
Warning: Wire formal_top.\dut.boot_addr_i [53] is used but has no driver.
Warning: Wire formal_top.\dut.boot_addr_i [52] is used but has no driver.
Warning: Wire formal_top.\dut.boot_addr_i [51] is used but has no driver.
Warning: Wire formal_top.\dut.boot_addr_i [50] is used but has no driver.
Warning: Wire formal_top.\dut.boot_addr_i [49] is used but has no driver.
Warning: Wire formal_top.\dut.boot_addr_i [48] is used but has no driver.
Warning: Wire formal_top.\dut.boot_addr_i [47] is used but has no driver.
Warning: Wire formal_top.\dut.boot_addr_i [46] is used but has no driver.
Warning: Wire formal_top.\dut.boot_addr_i [45] is used but has no driver.
Warning: Wire formal_top.\dut.boot_addr_i [44] is used but has no driver.
Warning: Wire formal_top.\dut.boot_addr_i [43] is used but has no driver.
Warning: Wire formal_top.\dut.boot_addr_i [42] is used but has no driver.
Warning: Wire formal_top.\dut.boot_addr_i [41] is used but has no driver.
Warning: Wire formal_top.\dut.boot_addr_i [40] is used but has no driver.
Warning: Wire formal_top.\dut.boot_addr_i [39] is used but has no driver.
Warning: Wire formal_top.\dut.boot_addr_i [38] is used but has no driver.
Warning: Wire formal_top.\dut.boot_addr_i [37] is used but has no driver.
Warning: Wire formal_top.\dut.boot_addr_i [36] is used but has no driver.
Warning: Wire formal_top.\dut.boot_addr_i [35] is used but has no driver.
Warning: Wire formal_top.\dut.boot_addr_i [34] is used but has no driver.
Warning: Wire formal_top.\dut.boot_addr_i [33] is used but has no driver.
Warning: Wire formal_top.\dut.boot_addr_i [32] is used but has no driver.
Warning: Wire formal_top.\dut.boot_addr_i [31] is used but has no driver.
Warning: Wire formal_top.\dut.boot_addr_i [30] is used but has no driver.
Warning: Wire formal_top.\dut.boot_addr_i [29] is used but has no driver.
Warning: Wire formal_top.\dut.boot_addr_i [28] is used but has no driver.
Warning: Wire formal_top.\dut.boot_addr_i [27] is used but has no driver.
Warning: Wire formal_top.\dut.boot_addr_i [26] is used but has no driver.
Warning: Wire formal_top.\dut.boot_addr_i [25] is used but has no driver.
Warning: Wire formal_top.\dut.boot_addr_i [24] is used but has no driver.
Warning: Wire formal_top.\dut.boot_addr_i [23] is used but has no driver.
Warning: Wire formal_top.\dut.boot_addr_i [22] is used but has no driver.
Warning: Wire formal_top.\dut.boot_addr_i [21] is used but has no driver.
Warning: Wire formal_top.\dut.boot_addr_i [20] is used but has no driver.
Warning: Wire formal_top.\dut.boot_addr_i [19] is used but has no driver.
Warning: Wire formal_top.\dut.boot_addr_i [18] is used but has no driver.
Warning: Wire formal_top.\dut.boot_addr_i [17] is used but has no driver.
Warning: Wire formal_top.\dut.boot_addr_i [16] is used but has no driver.
Warning: Wire formal_top.\dut.boot_addr_i [15] is used but has no driver.
Warning: Wire formal_top.\dut.boot_addr_i [14] is used but has no driver.
Warning: Wire formal_top.\dut.boot_addr_i [13] is used but has no driver.
Warning: Wire formal_top.\dut.boot_addr_i [12] is used but has no driver.
Warning: Wire formal_top.\dut.boot_addr_i [11] is used but has no driver.
Warning: Wire formal_top.\dut.boot_addr_i [10] is used but has no driver.
Warning: Wire formal_top.\dut.boot_addr_i [9] is used but has no driver.
Warning: Wire formal_top.\dut.boot_addr_i [8] is used but has no driver.
Warning: Wire formal_top.\dut.boot_addr_i [7] is used but has no driver.
Warning: Wire formal_top.\dut.boot_addr_i [6] is used but has no driver.
Warning: Wire formal_top.\dut.boot_addr_i [5] is used but has no driver.
Warning: Wire formal_top.\dut.boot_addr_i [4] is used but has no driver.
Warning: Wire formal_top.\dut.boot_addr_i [3] is used but has no driver.
Warning: Wire formal_top.\dut.boot_addr_i [2] is used but has no driver.
Warning: Wire formal_top.\dut.boot_addr_i [1] is used but has no driver.
Warning: Wire formal_top.\dut.boot_addr_i [0] is used but has no driver.
Warning: Wire formal_top.\dut.axi_resp_i is used but has no driver.
Checking module frontend...
Checking module id_stage...
Checking module instr_realigner...
Checking module instr_scan...
Checking module issue_read_operands...
Checking module load_store_unit...
Checking module load_unit...
Checking module lsu_bypass...
Checking module mult...
Checking module multiplier...
Checking module perf_counters...
Checking module re_name...
Checking module std_icache...
Checking module store_buffer...
Checking module store_unit...
Found and reported 185 problems.

10. Executing SETUNDEF pass (replace undef values with defined constants).

11. Executing OPT pass (performing simple optimizations).

11.1. Executing OPT_EXPR pass (perform const folding).
Optimizing module $paramod$0087faf7dbb20daeffd5024bd6977f40d8cb9d52\axi_adapter.
<suppressed ~9 debug messages>
Optimizing module $paramod$0668ee795243bc5dbebaf619f834399661eabe17\SyncSpRamBeNx64.
Optimizing module $paramod$0ee8e225e3f652345efbf90b3d2d133cb3cf9bd8\stream_mux_E5853_401C6.
<suppressed ~2 debug messages>
Optimizing module $paramod$13b2228d62069a441061df7e83a17f0547060356\scoreboard.
<suppressed ~26 debug messages>
Optimizing module $paramod$197edbfa67592557bbfcb097767a2865a48e3d18\lzc.
Optimizing module $paramod$2dbef291f4f7a4bf4f8bb24ecdc50abe3d1cb4ad\rrarbiter.
Optimizing module $paramod$37bde13909691f19bb4f6e6611d46ddaa6bf1ab9\SyncSpRamBeNx64.
Optimizing module $paramod$4244dd65be73f5d0f86e712b491114f006fd139c\fifo_v3_24DF1.
<suppressed ~4 debug messages>
Optimizing module $paramod$42c4fdaff04d3f780f063b546e1341c10bac0f72\fifo_v3_C28B9_7997C.
<suppressed ~4 debug messages>
Optimizing module $paramod$4b72f0480bde2cd5187e2e599a8eb9d3558f295f\arbiter.
<suppressed ~12 debug messages>
Optimizing module $paramod$504e88aa67f1fdef38046a998000f6cfbfe75a90\sram.
Optimizing module $paramod$55faef8494cf4fd43605273b93860932dfc9b5b3\sram.
Optimizing module $paramod$613fc11925f178443709e2b716e978787d96abd4\ariane_regfile.
<suppressed ~6 debug messages>
Optimizing module $paramod$72ae4ab7e88a54b56c2ab35ef6af8a4e99494ff7\sram.
Optimizing module $paramod$791314ac53c16e44147e59c81d28e65bd22d89b0\fifo_v2_925B0_BA4DE.
Optimizing module $paramod$90f4e11c8dd492b4df8aa8601b1d83e376ca7f0f\tlb.
Optimizing module $paramod$9c0c63ed43046d6572f7ebf6cfdc732464890d7b\mmu.
Optimizing module $paramod$9e575ed78617da6fec8841cb85f2eaf4562c2f2d\cache_ctrl.
<suppressed ~2 debug messages>
Optimizing module $paramod$9e575ed78617da6fec8841cb85f2eaf4562c2f2d\std_cache_subsystem.
Optimizing module $paramod$9e575ed78617da6fec8841cb85f2eaf4562c2f2d\std_nbdcache.
Optimizing module $paramod$a5117095ff1ee419c757355eb84db4b62105adb5\axi_adapter.
<suppressed ~9 debug messages>
Optimizing module $paramod$a657a94d576ec09733cac8489b6219f3f2ad4e8a\fifo_v3.
<suppressed ~6 debug messages>
Optimizing module $paramod$aa55f9af6ce1f84b3887d6ad5b52129f1b7ec34c\sram.
Optimizing module $paramod$c9c40f3f133cad0f616b05e13f3266ff7eda8dc2\sram.
Optimizing module $paramod$ca754853e4d620f2a2f707a66b5a9ac122dc0149\tag_cmp.
Optimizing module $paramod$caab21b6a99e701011d7548cc7680ab5e1c4d3c4\issue_stage.
Optimizing module $paramod$cd11366fa6a550b17f477f710d44646261dcfb3a\stream_arbiter_3F5EB_FC9E1.
<suppressed ~2 debug messages>
Optimizing module $paramod$cd11366fa6a550b17f477f710d44646261dcfb3a\stream_arbiter_EF48E_89DDB.
<suppressed ~2 debug messages>
Optimizing module $paramod$e16d115b74caf79752ccaf4f7620bf2218c9fec7\fifo_v2_EC778.
Optimizing module $paramod$f08d79c7114b8c37632a2507c52bfd0e5cce1e4d\ariane.
Optimizing module $paramod\bht\NR_ENTRIES=s32'00000000000000000000000010000000.
Optimizing module $paramod\btb\NR_ENTRIES=s32'00000000000000000000000001000000.
<suppressed ~1 debug messages>
Optimizing module $paramod\csr_regfile\ASID_WIDTH=s32'00000000000000000000000000000001.
Optimizing module $paramod\lfsr_8bit\WIDTH=32'00000000000000000000000000000100.
Optimizing module $paramod\lfsr_8bit\WIDTH=32'00000000000000000000000000001000.
Optimizing module $paramod\lzc\WIDTH=32'00000000000000000000000000000011.
Optimizing module $paramod\lzc\WIDTH=32'00000000000000000000000000000100.
Optimizing module $paramod\miss_handler\NR_PORTS=s32'00000000000000000000000000000011.
<suppressed ~14 debug messages>
Optimizing module $paramod\pipe_reg_simple_218FF\Depth=s32'00000000000000000000000000000000.
Optimizing module $paramod\pipe_reg_simple_218FF\Depth=s32'00000000000000000000000000000001.
Optimizing module $paramod\ptw\ASID_WIDTH=32'00000000000000000000000000000001.
Optimizing module $paramod\ras\DEPTH=s32'00000000000000000000000000000010.
Optimizing module $paramod\serdiv\WIDTH=s32'00000000000000000000000001000000.
Optimizing module $paramod\stream_demux\N_OUP=s32'00000000000000000000000000000011.
Optimizing module alu.
Optimizing module amo_alu.
Optimizing module amo_buffer.
Optimizing module branch_unit.
Optimizing module commit_stage.
Optimizing module compressed_decoder.
Optimizing module controller.
Optimizing module csr_buffer.
Optimizing module decoder.
Optimizing module ex_stage.
Optimizing module formal_top.
Optimizing module frontend.
Optimizing module id_stage.
Optimizing module instr_realigner.
Optimizing module instr_scan.
Optimizing module issue_read_operands.
<suppressed ~9 debug messages>
Optimizing module load_store_unit.
Optimizing module load_unit.
Optimizing module lsu_bypass.
<suppressed ~2 debug messages>
Optimizing module mult.
Optimizing module multiplier.
Optimizing module perf_counters.
<suppressed ~3 debug messages>
Optimizing module re_name.
Optimizing module std_icache.
<suppressed ~7 debug messages>
Optimizing module store_buffer.
<suppressed ~2 debug messages>
Optimizing module store_unit.

11.2. Executing OPT_MERGE pass (detect identical cells).
Finding identical cells in module `$paramod$0087faf7dbb20daeffd5024bd6977f40d8cb9d52\axi_adapter'.
Finding identical cells in module `$paramod$0668ee795243bc5dbebaf619f834399661eabe17\SyncSpRamBeNx64'.
Finding identical cells in module `$paramod$0ee8e225e3f652345efbf90b3d2d133cb3cf9bd8\stream_mux_E5853_401C6'.
Finding identical cells in module `$paramod$13b2228d62069a441061df7e83a17f0547060356\scoreboard'.
Finding identical cells in module `$paramod$197edbfa67592557bbfcb097767a2865a48e3d18\lzc'.
Finding identical cells in module `$paramod$2dbef291f4f7a4bf4f8bb24ecdc50abe3d1cb4ad\rrarbiter'.
Finding identical cells in module `$paramod$37bde13909691f19bb4f6e6611d46ddaa6bf1ab9\SyncSpRamBeNx64'.
Finding identical cells in module `$paramod$4244dd65be73f5d0f86e712b491114f006fd139c\fifo_v3_24DF1'.
Finding identical cells in module `$paramod$42c4fdaff04d3f780f063b546e1341c10bac0f72\fifo_v3_C28B9_7997C'.
Finding identical cells in module `$paramod$4b72f0480bde2cd5187e2e599a8eb9d3558f295f\arbiter'.
Finding identical cells in module `$paramod$504e88aa67f1fdef38046a998000f6cfbfe75a90\sram'.
Finding identical cells in module `$paramod$55faef8494cf4fd43605273b93860932dfc9b5b3\sram'.
Finding identical cells in module `$paramod$613fc11925f178443709e2b716e978787d96abd4\ariane_regfile'.
Finding identical cells in module `$paramod$72ae4ab7e88a54b56c2ab35ef6af8a4e99494ff7\sram'.
Finding identical cells in module `$paramod$791314ac53c16e44147e59c81d28e65bd22d89b0\fifo_v2_925B0_BA4DE'.
Finding identical cells in module `$paramod$90f4e11c8dd492b4df8aa8601b1d83e376ca7f0f\tlb'.
Finding identical cells in module `$paramod$9c0c63ed43046d6572f7ebf6cfdc732464890d7b\mmu'.
Finding identical cells in module `$paramod$9e575ed78617da6fec8841cb85f2eaf4562c2f2d\cache_ctrl'.
Finding identical cells in module `$paramod$9e575ed78617da6fec8841cb85f2eaf4562c2f2d\std_cache_subsystem'.
Finding identical cells in module `$paramod$9e575ed78617da6fec8841cb85f2eaf4562c2f2d\std_nbdcache'.
Finding identical cells in module `$paramod$a5117095ff1ee419c757355eb84db4b62105adb5\axi_adapter'.
Finding identical cells in module `$paramod$a657a94d576ec09733cac8489b6219f3f2ad4e8a\fifo_v3'.
Finding identical cells in module `$paramod$aa55f9af6ce1f84b3887d6ad5b52129f1b7ec34c\sram'.
Finding identical cells in module `$paramod$c9c40f3f133cad0f616b05e13f3266ff7eda8dc2\sram'.
Finding identical cells in module `$paramod$ca754853e4d620f2a2f707a66b5a9ac122dc0149\tag_cmp'.
Finding identical cells in module `$paramod$caab21b6a99e701011d7548cc7680ab5e1c4d3c4\issue_stage'.
Finding identical cells in module `$paramod$cd11366fa6a550b17f477f710d44646261dcfb3a\stream_arbiter_3F5EB_FC9E1'.
Finding identical cells in module `$paramod$cd11366fa6a550b17f477f710d44646261dcfb3a\stream_arbiter_EF48E_89DDB'.
Finding identical cells in module `$paramod$e16d115b74caf79752ccaf4f7620bf2218c9fec7\fifo_v2_EC778'.
Finding identical cells in module `$paramod$f08d79c7114b8c37632a2507c52bfd0e5cce1e4d\ariane'.
Finding identical cells in module `$paramod\bht\NR_ENTRIES=s32'00000000000000000000000010000000'.
Finding identical cells in module `$paramod\btb\NR_ENTRIES=s32'00000000000000000000000001000000'.
Finding identical cells in module `$paramod\csr_regfile\ASID_WIDTH=s32'00000000000000000000000000000001'.
Finding identical cells in module `$paramod\lfsr_8bit\WIDTH=32'00000000000000000000000000000100'.
Finding identical cells in module `$paramod\lfsr_8bit\WIDTH=32'00000000000000000000000000001000'.
Finding identical cells in module `$paramod\lzc\WIDTH=32'00000000000000000000000000000011'.
Finding identical cells in module `$paramod\lzc\WIDTH=32'00000000000000000000000000000100'.
Finding identical cells in module `$paramod\miss_handler\NR_PORTS=s32'00000000000000000000000000000011'.
Finding identical cells in module `$paramod\pipe_reg_simple_218FF\Depth=s32'00000000000000000000000000000000'.
Finding identical cells in module `$paramod\pipe_reg_simple_218FF\Depth=s32'00000000000000000000000000000001'.
Finding identical cells in module `$paramod\ptw\ASID_WIDTH=32'00000000000000000000000000000001'.
Finding identical cells in module `$paramod\ras\DEPTH=s32'00000000000000000000000000000010'.
Finding identical cells in module `$paramod\serdiv\WIDTH=s32'00000000000000000000000001000000'.
Finding identical cells in module `$paramod\stream_demux\N_OUP=s32'00000000000000000000000000000011'.
Finding identical cells in module `\alu'.
Finding identical cells in module `\amo_alu'.
Finding identical cells in module `\amo_buffer'.
Finding identical cells in module `\branch_unit'.
Finding identical cells in module `\commit_stage'.
Finding identical cells in module `\compressed_decoder'.
Finding identical cells in module `\controller'.
Finding identical cells in module `\csr_buffer'.
Finding identical cells in module `\decoder'.
Finding identical cells in module `\ex_stage'.
Finding identical cells in module `\formal_top'.
Finding identical cells in module `\frontend'.
Finding identical cells in module `\id_stage'.
Finding identical cells in module `\instr_realigner'.
Finding identical cells in module `\instr_scan'.
Finding identical cells in module `\issue_read_operands'.
Finding identical cells in module `\load_store_unit'.
Finding identical cells in module `\load_unit'.
Finding identical cells in module `\lsu_bypass'.
Finding identical cells in module `\mult'.
Finding identical cells in module `\multiplier'.
Finding identical cells in module `\perf_counters'.
Finding identical cells in module `\re_name'.
Finding identical cells in module `\std_icache'.
Finding identical cells in module `\store_buffer'.
Finding identical cells in module `\store_unit'.
Removed a total of 0 cells.

11.3. Executing OPT_DFF pass (perform DFF optimizations).

11.4. Executing OPT_CLEAN pass (remove unused cells and wires).
Finding unused cells or wires in module $paramod$0087faf7dbb20daeffd5024bd6977f40d8cb9d52\axi_adapter..
Finding unused cells or wires in module $paramod$0668ee795243bc5dbebaf619f834399661eabe17\SyncSpRamBeNx64..
Finding unused cells or wires in module $paramod$0ee8e225e3f652345efbf90b3d2d133cb3cf9bd8\stream_mux_E5853_401C6..
Finding unused cells or wires in module $paramod$13b2228d62069a441061df7e83a17f0547060356\scoreboard..
Finding unused cells or wires in module $paramod$197edbfa67592557bbfcb097767a2865a48e3d18\lzc..
Finding unused cells or wires in module $paramod$2dbef291f4f7a4bf4f8bb24ecdc50abe3d1cb4ad\rrarbiter..
Finding unused cells or wires in module $paramod$37bde13909691f19bb4f6e6611d46ddaa6bf1ab9\SyncSpRamBeNx64..
Finding unused cells or wires in module $paramod$4244dd65be73f5d0f86e712b491114f006fd139c\fifo_v3_24DF1..
Finding unused cells or wires in module $paramod$42c4fdaff04d3f780f063b546e1341c10bac0f72\fifo_v3_C28B9_7997C..
Finding unused cells or wires in module $paramod$4b72f0480bde2cd5187e2e599a8eb9d3558f295f\arbiter..
Finding unused cells or wires in module $paramod$504e88aa67f1fdef38046a998000f6cfbfe75a90\sram..
Finding unused cells or wires in module $paramod$55faef8494cf4fd43605273b93860932dfc9b5b3\sram..
Finding unused cells or wires in module $paramod$613fc11925f178443709e2b716e978787d96abd4\ariane_regfile..
Finding unused cells or wires in module $paramod$72ae4ab7e88a54b56c2ab35ef6af8a4e99494ff7\sram..
Finding unused cells or wires in module $paramod$791314ac53c16e44147e59c81d28e65bd22d89b0\fifo_v2_925B0_BA4DE..
Finding unused cells or wires in module $paramod$90f4e11c8dd492b4df8aa8601b1d83e376ca7f0f\tlb..
Finding unused cells or wires in module $paramod$9c0c63ed43046d6572f7ebf6cfdc732464890d7b\mmu..
Finding unused cells or wires in module $paramod$9e575ed78617da6fec8841cb85f2eaf4562c2f2d\cache_ctrl..
Finding unused cells or wires in module $paramod$9e575ed78617da6fec8841cb85f2eaf4562c2f2d\std_cache_subsystem..
Finding unused cells or wires in module $paramod$9e575ed78617da6fec8841cb85f2eaf4562c2f2d\std_nbdcache..
Finding unused cells or wires in module $paramod$a5117095ff1ee419c757355eb84db4b62105adb5\axi_adapter..
Finding unused cells or wires in module $paramod$a657a94d576ec09733cac8489b6219f3f2ad4e8a\fifo_v3..
Finding unused cells or wires in module $paramod$aa55f9af6ce1f84b3887d6ad5b52129f1b7ec34c\sram..
Finding unused cells or wires in module $paramod$c9c40f3f133cad0f616b05e13f3266ff7eda8dc2\sram..
Finding unused cells or wires in module $paramod$ca754853e4d620f2a2f707a66b5a9ac122dc0149\tag_cmp..
Finding unused cells or wires in module $paramod$caab21b6a99e701011d7548cc7680ab5e1c4d3c4\issue_stage..
Finding unused cells or wires in module $paramod$cd11366fa6a550b17f477f710d44646261dcfb3a\stream_arbiter_3F5EB_FC9E1..
Finding unused cells or wires in module $paramod$cd11366fa6a550b17f477f710d44646261dcfb3a\stream_arbiter_EF48E_89DDB..
Finding unused cells or wires in module $paramod$e16d115b74caf79752ccaf4f7620bf2218c9fec7\fifo_v2_EC778..
Finding unused cells or wires in module $paramod$f08d79c7114b8c37632a2507c52bfd0e5cce1e4d\ariane..
Finding unused cells or wires in module $paramod\bht\NR_ENTRIES=s32'00000000000000000000000010000000..
Finding unused cells or wires in module $paramod\btb\NR_ENTRIES=s32'00000000000000000000000001000000..
Finding unused cells or wires in module $paramod\csr_regfile\ASID_WIDTH=s32'00000000000000000000000000000001..
Finding unused cells or wires in module $paramod\lfsr_8bit\WIDTH=32'00000000000000000000000000000100..
Finding unused cells or wires in module $paramod\lfsr_8bit\WIDTH=32'00000000000000000000000000001000..
Finding unused cells or wires in module $paramod\lzc\WIDTH=32'00000000000000000000000000000011..
Finding unused cells or wires in module $paramod\lzc\WIDTH=32'00000000000000000000000000000100..
Finding unused cells or wires in module $paramod\miss_handler\NR_PORTS=s32'00000000000000000000000000000011..
Finding unused cells or wires in module $paramod\pipe_reg_simple_218FF\Depth=s32'00000000000000000000000000000000..
Finding unused cells or wires in module $paramod\pipe_reg_simple_218FF\Depth=s32'00000000000000000000000000000001..
Finding unused cells or wires in module $paramod\ptw\ASID_WIDTH=32'00000000000000000000000000000001..
Finding unused cells or wires in module $paramod\ras\DEPTH=s32'00000000000000000000000000000010..
Finding unused cells or wires in module $paramod\serdiv\WIDTH=s32'00000000000000000000000001000000..
Finding unused cells or wires in module $paramod\stream_demux\N_OUP=s32'00000000000000000000000000000011..
Finding unused cells or wires in module \alu..
Finding unused cells or wires in module \amo_alu..
Finding unused cells or wires in module \amo_buffer..
Finding unused cells or wires in module \branch_unit..
Finding unused cells or wires in module \commit_stage..
Finding unused cells or wires in module \compressed_decoder..
Finding unused cells or wires in module \controller..
Finding unused cells or wires in module \csr_buffer..
Finding unused cells or wires in module \decoder..
Finding unused cells or wires in module \ex_stage..
Finding unused cells or wires in module \formal_top..
Finding unused cells or wires in module \frontend..
Finding unused cells or wires in module \id_stage..
Finding unused cells or wires in module \instr_realigner..
Finding unused cells or wires in module \instr_scan..
Finding unused cells or wires in module \issue_read_operands..
Finding unused cells or wires in module \load_store_unit..
Finding unused cells or wires in module \load_unit..
Finding unused cells or wires in module \lsu_bypass..
Finding unused cells or wires in module \mult..
Finding unused cells or wires in module \multiplier..
Finding unused cells or wires in module \perf_counters..
Finding unused cells or wires in module \re_name..
Finding unused cells or wires in module \std_icache..
Finding unused cells or wires in module \store_buffer..
Finding unused cells or wires in module \store_unit..
Removed 755 unused cells and 1149 unused wires.
<suppressed ~1047 debug messages>

11.5. Finished fast OPT passes.

12. Executing OPT_CLEAN pass (remove unused cells and wires).
Finding unused cells or wires in module $paramod$0087faf7dbb20daeffd5024bd6977f40d8cb9d52\axi_adapter..
Finding unused cells or wires in module $paramod$0668ee795243bc5dbebaf619f834399661eabe17\SyncSpRamBeNx64..
Finding unused cells or wires in module $paramod$0ee8e225e3f652345efbf90b3d2d133cb3cf9bd8\stream_mux_E5853_401C6..
Finding unused cells or wires in module $paramod$13b2228d62069a441061df7e83a17f0547060356\scoreboard..
Finding unused cells or wires in module $paramod$197edbfa67592557bbfcb097767a2865a48e3d18\lzc..
Finding unused cells or wires in module $paramod$2dbef291f4f7a4bf4f8bb24ecdc50abe3d1cb4ad\rrarbiter..
Finding unused cells or wires in module $paramod$37bde13909691f19bb4f6e6611d46ddaa6bf1ab9\SyncSpRamBeNx64..
Finding unused cells or wires in module $paramod$4244dd65be73f5d0f86e712b491114f006fd139c\fifo_v3_24DF1..
Finding unused cells or wires in module $paramod$42c4fdaff04d3f780f063b546e1341c10bac0f72\fifo_v3_C28B9_7997C..
Finding unused cells or wires in module $paramod$4b72f0480bde2cd5187e2e599a8eb9d3558f295f\arbiter..
Finding unused cells or wires in module $paramod$504e88aa67f1fdef38046a998000f6cfbfe75a90\sram..
Finding unused cells or wires in module $paramod$55faef8494cf4fd43605273b93860932dfc9b5b3\sram..
Finding unused cells or wires in module $paramod$613fc11925f178443709e2b716e978787d96abd4\ariane_regfile..
Finding unused cells or wires in module $paramod$72ae4ab7e88a54b56c2ab35ef6af8a4e99494ff7\sram..
Finding unused cells or wires in module $paramod$791314ac53c16e44147e59c81d28e65bd22d89b0\fifo_v2_925B0_BA4DE..
Finding unused cells or wires in module $paramod$90f4e11c8dd492b4df8aa8601b1d83e376ca7f0f\tlb..
Finding unused cells or wires in module $paramod$9c0c63ed43046d6572f7ebf6cfdc732464890d7b\mmu..
Finding unused cells or wires in module $paramod$9e575ed78617da6fec8841cb85f2eaf4562c2f2d\cache_ctrl..
Finding unused cells or wires in module $paramod$9e575ed78617da6fec8841cb85f2eaf4562c2f2d\std_cache_subsystem..
Finding unused cells or wires in module $paramod$9e575ed78617da6fec8841cb85f2eaf4562c2f2d\std_nbdcache..
Finding unused cells or wires in module $paramod$a5117095ff1ee419c757355eb84db4b62105adb5\axi_adapter..
Finding unused cells or wires in module $paramod$a657a94d576ec09733cac8489b6219f3f2ad4e8a\fifo_v3..
Finding unused cells or wires in module $paramod$aa55f9af6ce1f84b3887d6ad5b52129f1b7ec34c\sram..
Finding unused cells or wires in module $paramod$c9c40f3f133cad0f616b05e13f3266ff7eda8dc2\sram..
Finding unused cells or wires in module $paramod$ca754853e4d620f2a2f707a66b5a9ac122dc0149\tag_cmp..
Finding unused cells or wires in module $paramod$caab21b6a99e701011d7548cc7680ab5e1c4d3c4\issue_stage..
Finding unused cells or wires in module $paramod$cd11366fa6a550b17f477f710d44646261dcfb3a\stream_arbiter_3F5EB_FC9E1..
Finding unused cells or wires in module $paramod$cd11366fa6a550b17f477f710d44646261dcfb3a\stream_arbiter_EF48E_89DDB..
Finding unused cells or wires in module $paramod$e16d115b74caf79752ccaf4f7620bf2218c9fec7\fifo_v2_EC778..
Finding unused cells or wires in module $paramod$f08d79c7114b8c37632a2507c52bfd0e5cce1e4d\ariane..
Finding unused cells or wires in module $paramod\bht\NR_ENTRIES=s32'00000000000000000000000010000000..
Finding unused cells or wires in module $paramod\btb\NR_ENTRIES=s32'00000000000000000000000001000000..
Finding unused cells or wires in module $paramod\csr_regfile\ASID_WIDTH=s32'00000000000000000000000000000001..
Finding unused cells or wires in module $paramod\lfsr_8bit\WIDTH=32'00000000000000000000000000000100..
Finding unused cells or wires in module $paramod\lfsr_8bit\WIDTH=32'00000000000000000000000000001000..
Finding unused cells or wires in module $paramod\lzc\WIDTH=32'00000000000000000000000000000011..
Finding unused cells or wires in module $paramod\lzc\WIDTH=32'00000000000000000000000000000100..
Finding unused cells or wires in module $paramod\miss_handler\NR_PORTS=s32'00000000000000000000000000000011..
Finding unused cells or wires in module $paramod\pipe_reg_simple_218FF\Depth=s32'00000000000000000000000000000000..
Finding unused cells or wires in module $paramod\pipe_reg_simple_218FF\Depth=s32'00000000000000000000000000000001..
Finding unused cells or wires in module $paramod\ptw\ASID_WIDTH=32'00000000000000000000000000000001..
Finding unused cells or wires in module $paramod\ras\DEPTH=s32'00000000000000000000000000000010..
Finding unused cells or wires in module $paramod\serdiv\WIDTH=s32'00000000000000000000000001000000..
Finding unused cells or wires in module $paramod\stream_demux\N_OUP=s32'00000000000000000000000000000011..
Finding unused cells or wires in module \alu..
Finding unused cells or wires in module \amo_alu..
Finding unused cells or wires in module \amo_buffer..
Finding unused cells or wires in module \branch_unit..
Finding unused cells or wires in module \commit_stage..
Finding unused cells or wires in module \compressed_decoder..
Finding unused cells or wires in module \controller..
Finding unused cells or wires in module \csr_buffer..
Finding unused cells or wires in module \decoder..
Finding unused cells or wires in module \ex_stage..
Finding unused cells or wires in module \formal_top..
Finding unused cells or wires in module \frontend..
Finding unused cells or wires in module \id_stage..
Finding unused cells or wires in module \instr_realigner..
Finding unused cells or wires in module \instr_scan..
Finding unused cells or wires in module \issue_read_operands..
Finding unused cells or wires in module \load_store_unit..
Finding unused cells or wires in module \load_unit..
Finding unused cells or wires in module \lsu_bypass..
Finding unused cells or wires in module \mult..
Finding unused cells or wires in module \multiplier..
Finding unused cells or wires in module \perf_counters..
Finding unused cells or wires in module \re_name..
Finding unused cells or wires in module \std_icache..
Finding unused cells or wires in module \store_buffer..
Finding unused cells or wires in module \store_unit..
Removed 0 unused cells and 307 unused wires.
<suppressed ~43 debug messages>

13. Executing RTLIL backend.
Output filename: ../model/design_prep.il

Warnings: 185 unique messages, 185 total
End of script. Logfile hash: 186285723d, CPU: user 8.63s system 0.16s, MEM: 432.42 MB peak
Yosys 0.56+186 (git sha1 51eaaffe0, clang++ 18.1.8 -fPIC -O3)
Time spent: 37% 1x check (3 sec), 31% 4x opt_clean (2 sec), ...
